Archive member included to satisfy reference by file (symbol)

C:/ST/STM32CubeCLT_1.15.1/GNU-tools-for-STM32/bin/../lib/gcc/arm-none-eabi/12.3.1/../../../../arm-none-eabi/lib/thumb/v7e-m+fp/hard\libc_nano.a(libc_a-exit.o)
                              C:/ST/STM32CubeCLT_1.15.1/GNU-tools-for-STM32/bin/../lib/gcc/arm-none-eabi/12.3.1/../../../../arm-none-eabi/lib/thumb/v7e-m+fp/hard/crt0.o (exit)
C:/ST/STM32CubeCLT_1.15.1/GNU-tools-for-STM32/bin/../lib/gcc/arm-none-eabi/12.3.1/../../../../arm-none-eabi/lib/thumb/v7e-m+fp/hard\libc_nano.a(libc_a-findfp.o)
                              C:/ST/STM32CubeCLT_1.15.1/GNU-tools-for-STM32/bin/../lib/gcc/arm-none-eabi/12.3.1/../../../../arm-none-eabi/lib/thumb/v7e-m+fp/hard\libc_nano.a(libc_a-exit.o) (__stdio_exit_handler)
C:/ST/STM32CubeCLT_1.15.1/GNU-tools-for-STM32/bin/../lib/gcc/arm-none-eabi/12.3.1/../../../../arm-none-eabi/lib/thumb/v7e-m+fp/hard\libc_nano.a(libc_a-fwalk.o)
                              C:/ST/STM32CubeCLT_1.15.1/GNU-tools-for-STM32/bin/../lib/gcc/arm-none-eabi/12.3.1/../../../../arm-none-eabi/lib/thumb/v7e-m+fp/hard\libc_nano.a(libc_a-findfp.o) (_fwalk_sglue)
C:/ST/STM32CubeCLT_1.15.1/GNU-tools-for-STM32/bin/../lib/gcc/arm-none-eabi/12.3.1/../../../../arm-none-eabi/lib/thumb/v7e-m+fp/hard\libc_nano.a(libc_a-stdio.o)
                              C:/ST/STM32CubeCLT_1.15.1/GNU-tools-for-STM32/bin/../lib/gcc/arm-none-eabi/12.3.1/../../../../arm-none-eabi/lib/thumb/v7e-m+fp/hard\libc_nano.a(libc_a-findfp.o) (__sread)
C:/ST/STM32CubeCLT_1.15.1/GNU-tools-for-STM32/bin/../lib/gcc/arm-none-eabi/12.3.1/../../../../arm-none-eabi/lib/thumb/v7e-m+fp/hard\libc_nano.a(libc_a-memset.o)
                              C:/ST/STM32CubeCLT_1.15.1/GNU-tools-for-STM32/bin/../lib/gcc/arm-none-eabi/12.3.1/../../../../arm-none-eabi/lib/thumb/v7e-m+fp/hard/crt0.o (memset)
C:/ST/STM32CubeCLT_1.15.1/GNU-tools-for-STM32/bin/../lib/gcc/arm-none-eabi/12.3.1/../../../../arm-none-eabi/lib/thumb/v7e-m+fp/hard\libc_nano.a(libc_a-closer.o)
                              C:/ST/STM32CubeCLT_1.15.1/GNU-tools-for-STM32/bin/../lib/gcc/arm-none-eabi/12.3.1/../../../../arm-none-eabi/lib/thumb/v7e-m+fp/hard\libc_nano.a(libc_a-stdio.o) (_close_r)
C:/ST/STM32CubeCLT_1.15.1/GNU-tools-for-STM32/bin/../lib/gcc/arm-none-eabi/12.3.1/../../../../arm-none-eabi/lib/thumb/v7e-m+fp/hard\libc_nano.a(libc_a-reent.o)
                              C:/ST/STM32CubeCLT_1.15.1/GNU-tools-for-STM32/bin/../lib/gcc/arm-none-eabi/12.3.1/../../../../arm-none-eabi/lib/thumb/v7e-m+fp/hard\libc_nano.a(libc_a-closer.o) (errno)
C:/ST/STM32CubeCLT_1.15.1/GNU-tools-for-STM32/bin/../lib/gcc/arm-none-eabi/12.3.1/../../../../arm-none-eabi/lib/thumb/v7e-m+fp/hard\libc_nano.a(libc_a-impure.o)
                              C:/ST/STM32CubeCLT_1.15.1/GNU-tools-for-STM32/bin/../lib/gcc/arm-none-eabi/12.3.1/../../../../arm-none-eabi/lib/thumb/v7e-m+fp/hard\libc_nano.a(libc_a-reent.o) (_impure_ptr)
C:/ST/STM32CubeCLT_1.15.1/GNU-tools-for-STM32/bin/../lib/gcc/arm-none-eabi/12.3.1/../../../../arm-none-eabi/lib/thumb/v7e-m+fp/hard\libc_nano.a(libc_a-lseekr.o)
                              C:/ST/STM32CubeCLT_1.15.1/GNU-tools-for-STM32/bin/../lib/gcc/arm-none-eabi/12.3.1/../../../../arm-none-eabi/lib/thumb/v7e-m+fp/hard\libc_nano.a(libc_a-stdio.o) (_lseek_r)
C:/ST/STM32CubeCLT_1.15.1/GNU-tools-for-STM32/bin/../lib/gcc/arm-none-eabi/12.3.1/../../../../arm-none-eabi/lib/thumb/v7e-m+fp/hard\libc_nano.a(libc_a-readr.o)
                              C:/ST/STM32CubeCLT_1.15.1/GNU-tools-for-STM32/bin/../lib/gcc/arm-none-eabi/12.3.1/../../../../arm-none-eabi/lib/thumb/v7e-m+fp/hard\libc_nano.a(libc_a-stdio.o) (_read_r)
C:/ST/STM32CubeCLT_1.15.1/GNU-tools-for-STM32/bin/../lib/gcc/arm-none-eabi/12.3.1/../../../../arm-none-eabi/lib/thumb/v7e-m+fp/hard\libc_nano.a(libc_a-writer.o)
                              C:/ST/STM32CubeCLT_1.15.1/GNU-tools-for-STM32/bin/../lib/gcc/arm-none-eabi/12.3.1/../../../../arm-none-eabi/lib/thumb/v7e-m+fp/hard\libc_nano.a(libc_a-stdio.o) (_write_r)
C:/ST/STM32CubeCLT_1.15.1/GNU-tools-for-STM32/bin/../lib/gcc/arm-none-eabi/12.3.1/../../../../arm-none-eabi/lib/thumb/v7e-m+fp/hard\libc_nano.a(libc_a-errno.o)
                              build/sysmem.o (__errno)
C:/ST/STM32CubeCLT_1.15.1/GNU-tools-for-STM32/bin/../lib/gcc/arm-none-eabi/12.3.1/../../../../arm-none-eabi/lib/thumb/v7e-m+fp/hard\libc_nano.a(libc_a-init.o)
                              C:/ST/STM32CubeCLT_1.15.1/GNU-tools-for-STM32/bin/../lib/gcc/arm-none-eabi/12.3.1/../../../../arm-none-eabi/lib/thumb/v7e-m+fp/hard/crt0.o (__libc_init_array)
C:/ST/STM32CubeCLT_1.15.1/GNU-tools-for-STM32/bin/../lib/gcc/arm-none-eabi/12.3.1/../../../../arm-none-eabi/lib/thumb/v7e-m+fp/hard\libc_nano.a(libc_a-lock.o)
                              C:/ST/STM32CubeCLT_1.15.1/GNU-tools-for-STM32/bin/../lib/gcc/arm-none-eabi/12.3.1/../../../../arm-none-eabi/lib/thumb/v7e-m+fp/hard\libc_nano.a(libc_a-findfp.o) (__retarget_lock_init_recursive)
[...]
Memory Configuration

Name             Origin             Length             Attributes
RAM              0x20000000         0x00020000         xrw
FLASH            0x08000000         0x00080000         xr
*default*        0x00000000         0xffffffff

Linker script and memory map

LOAD C:/ST/STM32CubeCLT_1.15.1/GNU-tools-for-STM32/bin/../lib/gcc/arm-none-eabi/12.3.1/thumb/v7e-m+fp/hard/crti.o
LOAD C:/ST/STM32CubeCLT_1.15.1/GNU-tools-for-STM32/bin/../lib/gcc/arm-none-eabi/12.3.1/thumb/v7e-m+fp/hard/crtbegin.o
LOAD C:/ST/STM32CubeCLT_1.15.1/GNU-tools-for-STM32/bin/../lib/gcc/arm-none-eabi/12.3.1/../../../../arm-none-eabi/lib/thumb/v7e-m+fp/hard/crt0.o
LOAD build/main.o
LOAD build/gpio.o
LOAD build/stm32g4xx_it.o
LOAD build/stm32g4xx_hal_msp.o
LOAD build/stm32g4xx_nucleo.o
LOAD build/stm32g4xx_hal.o
LOAD build/stm32g4xx_hal_rcc.o
LOAD build/stm32g4xx_hal_rcc_ex.o
LOAD build/stm32g4xx_hal_flash.o
LOAD build/stm32g4xx_hal_flash_ex.o
LOAD build/stm32g4xx_hal_flash_ramfunc.o
LOAD build/stm32g4xx_hal_gpio.o
LOAD build/stm32g4xx_hal_exti.o
LOAD build/stm32g4xx_hal_dma.o
LOAD build/stm32g4xx_hal_dma_ex.o
LOAD build/stm32g4xx_hal_pwr.o
LOAD build/stm32g4xx_hal_pwr_ex.o
LOAD build/stm32g4xx_hal_cortex.o
LOAD build/stm32g4xx_hal_usart.o
LOAD build/stm32g4xx_hal_usart_ex.o
LOAD build/stm32g4xx_hal_uart_ex.o
LOAD build/stm32g4xx_hal_uart.o
LOAD build/system_stm32g4xx.o
LOAD build/sysmem.o
LOAD build/syscalls.o
LOAD build/tim.o
LOAD build/stm32g4xx_hal_tim.o
LOAD build/stm32g4xx_hal_tim_ex.o
LOAD build/App.o
LOAD build/encoder.o
LOAD build/global_var.o
LOAD build/Park_u_Clark.o
LOAD build/phaseEstimater.o
LOAD build/SVM.o
LOAD build/uart_debug.o
LOAD build/startup_stm32g474xx.o
LOAD C:/ST/STM32CubeCLT_1.15.1/GNU-tools-for-STM32/bin/../lib/gcc/arm-none-eabi/12.3.1/../../../../arm-none-eabi/lib/thumb/v7e-m+fp/hard\libnosys.a
LOAD C:/ST/STM32CubeCLT_1.15.1/GNU-tools-for-STM32/bin/../lib/gcc/arm-none-eabi/12.3.1/../../../../arm-none-eabi/lib/thumb/v7e-m+fp/hard\libstdc++_nano.a
LOAD C:/ST/STM32CubeCLT_1.15.1/GNU-tools-for-STM32/bin/../lib/gcc/arm-none-eabi/12.3.1/../../../../arm-none-eabi/lib/thumb/v7e-m+fp/hard\libm.a
LOAD C:/ST/STM32CubeCLT_1.15.1/GNU-tools-for-STM32/bin/../lib/gcc/arm-none-eabi/12.3.1/../../../../arm-none-eabi/lib/thumb/v7e-m+fp/hard\libc_nano.a
START GROUP
LOAD C:/ST/STM32CubeCLT_1.15.1/GNU-tools-for-STM32/bin/../lib/gcc/arm-none-eabi/12.3.1/thumb/v7e-m+fp/hard\libgcc.a
LOAD C:/ST/STM32CubeCLT_1.15.1/GNU-tools-for-STM32/bin/../lib/gcc/arm-none-eabi/12.3.1/../../../../arm-none-eabi/lib/thumb/v7e-m+fp/hard\libc_nano.a
END GROUP
START GROUP
LOAD C:/ST/STM32CubeCLT_1.15.1/GNU-tools-for-STM32/bin/../lib/gcc/arm-none-eabi/12.3.1/thumb/v7e-m+fp/hard\libgcc.a
LOAD C:/ST/STM32CubeCLT_1.15.1/GNU-tools-for-STM32/bin/../lib/gcc/arm-none-eabi/12.3.1/../../../../arm-none-eabi/lib/thumb/v7e-m+fp/hard\libc_nano.a
END GROUP
LOAD C:/ST/STM32CubeCLT_1.15.1/GNU-tools-for-STM32/bin/../lib/gcc/arm-none-eabi/12.3.1/thumb/v7e-m+fp/hard/crtend.o
LOAD C:/ST/STM32CubeCLT_1.15.1/GNU-tools-for-STM32/bin/../lib/gcc/arm-none-eabi/12.3.1/thumb/v7e-m+fp/hard/crtn.o
                0x20020000                        _estack = (ORIGIN (RAM) + LENGTH (RAM))
                0x00000200                        _Min_Heap_Size = 0x200
                0x00000400                        _Min_Stack_Size = 0x400

.isr_vector     0x08000000      0x1d8
                0x08000000                        . = ALIGN (0x4)
 *(.isr_vector)
 .isr_vector    0x08000000      0x1d8 build/startup_stm32g474xx.o
                0x08000000                g_pfnVectors
                0x080001d8                        . = ALIGN (0x4)

.text           0x080001d8     0x3d10
                0x080001d8                        . = ALIGN (0x4)
 *(.text)
 .text          0x080001d8       0x40 C:/ST/STM32CubeCLT_1.15.1/GNU-tools-for-STM32/bin/../lib/gcc/arm-none-eabi/12.3.1/thumb/v7e-m+fp/hard/crtbegin.o
 .text          0x08000218       0xa0 C:/ST/STM32CubeCLT_1.15.1/GNU-tools-for-STM32/bin/../lib/gcc/arm-none-eabi/12.3.1/thumb/v7e-m+fp/hard\libgcc.a(_aeabi_ldivmod.o)
                0x08000218                __aeabi_ldivmod
 .text          0x080002b8       0x30 C:/ST/STM32CubeCLT_1.15.1/GNU-tools-for-STM32/bin/../lib/gcc/arm-none-eabi/12.3.1/thumb/v7e-m+fp/hard\libgcc.a(_aeabi_uldivmod.o)
                0x080002b8                __aeabi_uldivmod
 .text          0x080002e8      0x2bc C:/ST/STM32CubeCLT_1.15.1/GNU-tools-for-STM32/bin/../lib/gcc/arm-none-eabi/12.3.1/thumb/v7e-m+fp/hard\libgcc.a(_udivmoddi4.o)
                0x080002e8                __udivmoddi4
 .text          0x080005a4        0x4 C:/ST/STM32CubeCLT_1.15.1/GNU-tools-for-STM32/bin/../lib/gcc/arm-none-eabi/12.3.1/thumb/v7e-m+fp/hard\libgcc.a(_dvmd_tls.o)
                0x080005a4                __aeabi_idiv0
                0x080005a4                __aeabi_ldiv0
 *(.text*)
 .text.Error_Handler
                0x080005a8        0x4 build/main.o
                0x080005a8                Error_Handler
 .text.SystemClock_Config
                0x080005ac       0x70 build/main.o
                0x080005ac                SystemClock_Config
 .text.main     0x0800061c       0x5c build/main.o
                0x0800061c                main
 .text.MX_GPIO_Init
                0x08000678       0x84 build/gpio.o
                0x08000678                MX_GPIO_Init
 .text.NMI_Handler
                0x080006fc        0x2 build/stm32g4xx_it.o
                0x080006fc                NMI_Handler
 .text.HardFault_Handler
                0x080006fe        0x2 build/stm32g4xx_it.o
                0x080006fe                HardFault_Handler
 .text.MemManage_Handler
                0x08000700        0x2 build/stm32g4xx_it.o
                0x08000700                MemManage_Handler
 .text.BusFault_Handler
                0x08000702        0x2 build/stm32g4xx_it.o
                0x08000702                BusFault_Handler
 .text.UsageFault_Handler
                0x08000704        0x2 build/stm32g4xx_it.o
                0x08000704                UsageFault_Handler
 .text.SVC_Handler
                0x08000706        0x2 build/stm32g4xx_it.o
                0x08000706                SVC_Handler
 .text.DebugMon_Handler
                0x08000708        0x2 build/stm32g4xx_it.o
                0x08000708                DebugMon_Handler
 .text.PendSV_Handler
                0x0800070a        0x2 build/stm32g4xx_it.o
                0x0800070a                PendSV_Handler
 .text.SysTick_Handler
                0x0800070c        0x8 build/stm32g4xx_it.o
                0x0800070c                SysTick_Handler
 .text.TIM1_BRK_TIM15_IRQHandler
                0x08000714       0x18 build/stm32g4xx_it.o
                0x08000714                TIM1_BRK_TIM15_IRQHandler
 .text.TIM1_UP_TIM16_IRQHandler
                0x0800072c       0x10 build/stm32g4xx_it.o
                0x0800072c                TIM1_UP_TIM16_IRQHandler
 .text.EXTI15_10_IRQHandler
                0x0800073c        0xa build/stm32g4xx_it.o
                0x0800073c                EXTI15_10_IRQHandler
 *fill*         0x08000746        0x2 
 .text.HAL_MspInit
                0x08000748       0x38 build/stm32g4xx_hal_msp.o
                0x08000748                HAL_MspInit
 .text.COM1_MspInit
                0x08000780       0x78 build/stm32g4xx_nucleo.o
 .text.BSP_LED_Init
                0x080007f8       0x48 build/stm32g4xx_nucleo.o
                0x080007f8                BSP_LED_Init
 .text.BSP_PB_Init
                0x08000840       0x88 build/stm32g4xx_nucleo.o
                0x08000840                BSP_PB_Init
 .text.BSP_PB_IRQHandler
                0x080008c8       0x14 build/stm32g4xx_nucleo.o
                0x080008c8                BSP_PB_IRQHandler
 .text.BSP_PB_Callback
                0x080008dc        0x2 build/stm32g4xx_nucleo.o
                0x080008dc                BSP_PB_Callback
 .text.BUTTON_USER_EXTI_Callback
                0x080008de        0xa build/stm32g4xx_nucleo.o
 .text.MX_LPUART1_Init
                0x080008e8       0x30 build/stm32g4xx_nucleo.o
                0x080008e8                MX_LPUART1_Init
 .text.BSP_COM_Init
                0x08000918       0x34 build/stm32g4xx_nucleo.o
                0x08000918                BSP_COM_Init
 .text.HAL_InitTick
                0x0800094c       0x50 build/stm32g4xx_hal.o
                0x0800094c                HAL_InitTick
 .text.HAL_Init
                0x0800099c       0x1e build/stm32g4xx_hal.o
                0x0800099c                HAL_Init
 *fill*         0x080009ba        0x2 
 .text.HAL_IncTick
                0x080009bc       0x18 build/stm32g4xx_hal.o
                0x080009bc                HAL_IncTick
 .text.HAL_GetTick
                0x080009d4        0xc build/stm32g4xx_hal.o
                0x080009d4                HAL_GetTick
 .text.RCC_GetSysClockFreqFromPLLSource
                0x080009e0       0x58 build/stm32g4xx_hal_rcc.o
 .text.HAL_RCC_OscConfig
                0x08000a38      0x4e4 build/stm32g4xx_hal_rcc.o
                0x08000a38                HAL_RCC_OscConfig
 .text.HAL_RCC_GetSysClockFreq
                0x08000f1c       0x88 build/stm32g4xx_hal_rcc.o
                0x08000f1c                HAL_RCC_GetSysClockFreq
 .text.HAL_RCC_ClockConfig
                0x08000fa4      0x1f8 build/stm32g4xx_hal_rcc.o
                0x08000fa4                HAL_RCC_ClockConfig
 .text.HAL_RCC_GetHCLKFreq
                0x0800119c        0xc build/stm32g4xx_hal_rcc.o
                0x0800119c                HAL_RCC_GetHCLKFreq
 .text.HAL_RCC_GetPCLK1Freq
                0x080011a8       0x24 build/stm32g4xx_hal_rcc.o
                0x080011a8                HAL_RCC_GetPCLK1Freq
 .text.HAL_RCC_GetPCLK2Freq
                0x080011cc       0x24 build/stm32g4xx_hal_rcc.o
                0x080011cc                HAL_RCC_GetPCLK2Freq
 .text.HAL_GPIO_Init
                0x080011f0      0x1d4 build/stm32g4xx_hal_gpio.o
                0x080011f0                HAL_GPIO_Init
 .text.HAL_GPIO_ReadPin
                0x080013c4        0xe build/stm32g4xx_hal_gpio.o
                0x080013c4                HAL_GPIO_ReadPin
 .text.HAL_GPIO_WritePin
                0x080013d2        0xa build/stm32g4xx_hal_gpio.o
                0x080013d2                HAL_GPIO_WritePin
 .text.HAL_EXTI_RegisterCallback
                0x080013dc       0x10 build/stm32g4xx_hal_exti.o
                0x080013dc                HAL_EXTI_RegisterCallback
 .text.HAL_EXTI_GetHandle
                0x080013ec        0xc build/stm32g4xx_hal_exti.o
                0x080013ec                HAL_EXTI_GetHandle
 .text.HAL_EXTI_IRQHandler
                0x080013f8       0x28 build/stm32g4xx_hal_exti.o
                0x080013f8                HAL_EXTI_IRQHandler
 .text.HAL_PWREx_ControlVoltageScaling
                0x08001420      0x10c build/stm32g4xx_hal_pwr_ex.o
                0x08001420                HAL_PWREx_ControlVoltageScaling
 .text.HAL_PWREx_DisableUCPDDeadBattery
                0x0800152c       0x10 build/stm32g4xx_hal_pwr_ex.o
                0x0800152c                HAL_PWREx_DisableUCPDDeadBattery
 .text.__NVIC_EnableIRQ
                0x0800153c       0x1c build/stm32g4xx_hal_cortex.o
 .text.__NVIC_SetPriority
                0x08001558       0x28 build/stm32g4xx_hal_cortex.o
 .text.NVIC_EncodePriority
                0x08001580       0x3e build/stm32g4xx_hal_cortex.o
 *fill*         0x080015be        0x2 
 .text.HAL_NVIC_SetPriorityGrouping
                0x080015c0       0x24 build/stm32g4xx_hal_cortex.o
                0x080015c0                HAL_NVIC_SetPriorityGrouping
 .text.HAL_NVIC_SetPriority
                0x080015e4       0x20 build/stm32g4xx_hal_cortex.o
                0x080015e4                HAL_NVIC_SetPriority
 .text.HAL_NVIC_EnableIRQ
                0x08001604        0x8 build/stm32g4xx_hal_cortex.o
                0x08001604                HAL_NVIC_EnableIRQ
 .text.HAL_SYSTICK_Config
                0x0800160c       0x28 build/stm32g4xx_hal_cortex.o
                0x0800160c                HAL_SYSTICK_Config
 .text.UART_EndRxTransfer
                0x08001634       0x56 build/stm32g4xx_hal_uart.o
 .text.HAL_UART_MspInit
                0x0800168a        0x2 build/stm32g4xx_hal_uart.o
                0x0800168a                HAL_UART_MspInit
 .text.UART_SetConfig
                0x0800168c      0x388 build/stm32g4xx_hal_uart.o
                0x0800168c                UART_SetConfig
 .text.UART_AdvFeatureConfig
                0x08001a14       0xca build/stm32g4xx_hal_uart.o
                0x08001a14                UART_AdvFeatureConfig
 .text.UART_WaitOnFlagUntilTimeout
                0x08001ade       0x9e build/stm32g4xx_hal_uart.o
                0x08001ade                UART_WaitOnFlagUntilTimeout
 .text.UART_CheckIdleState
                0x08001b7c       0xca build/stm32g4xx_hal_uart.o
                0x08001b7c                UART_CheckIdleState
 .text.HAL_UART_Init
                0x08001c46       0x66 build/stm32g4xx_hal_uart.o
                0x08001c46                HAL_UART_Init
 .text.SystemInit
                0x08001cac       0x14 build/system_stm32g4xx.o
                0x08001cac                SystemInit
 .text.MX_TIM5_Init
                0x08001cc0       0x64 build/tim.o
                0x08001cc0                MX_TIM5_Init
 .text.MX_TIM6_Init
                0x08001d24       0x50 build/tim.o
                0x08001d24                MX_TIM6_Init
 .text.MX_TIM8_Init
                0x08001d74       0x60 build/tim.o
                0x08001d74                MX_TIM8_Init
 .text.MX_TIM15_Init
                0x08001dd4       0x70 build/tim.o
                0x08001dd4                MX_TIM15_Init
 .text.HAL_TIM_Base_MspInit
                0x08001e44       0xa0 build/tim.o
                0x08001e44                HAL_TIM_Base_MspInit
 .text.HAL_TIM_Encoder_MspInit
                0x08001ee4       0x60 build/tim.o
                0x08001ee4                HAL_TIM_Encoder_MspInit
 .text.HAL_TIMEx_HallSensor_MspInit
                0x08001f44       0x68 build/tim.o
                0x08001f44                HAL_TIMEx_HallSensor_MspInit
 .text.HAL_TIM_MspPostInit
                0x08001fac       0x98 build/tim.o
                0x08001fac                HAL_TIM_MspPostInit
 .text.MX_TIM1_Init
                0x08002044      0x138 build/tim.o
                0x08002044                MX_TIM1_Init
 .text.TIM_OC1_SetConfig
                0x0800217c       0xac build/stm32g4xx_hal_tim.o
 .text.TIM_OC3_SetConfig
                0x08002228       0x9c build/stm32g4xx_hal_tim.o
 .text.TIM_OC4_SetConfig
                0x080022c4       0x9c build/stm32g4xx_hal_tim.o
 .text.TIM_OC5_SetConfig
                0x08002360       0x70 build/stm32g4xx_hal_tim.o
 .text.TIM_OC6_SetConfig
                0x080023d0       0x74 build/stm32g4xx_hal_tim.o
 .text.TIM_TI1_ConfigInputStage
                0x08002444       0x26 build/stm32g4xx_hal_tim.o
 .text.TIM_TI2_ConfigInputStage
                0x0800246a       0x28 build/stm32g4xx_hal_tim.o
 .text.TIM_ITRx_SetConfig
                0x08002492       0x14 build/stm32g4xx_hal_tim.o
 .text.HAL_TIM_PWM_MspInit
                0x080024a6        0x2 build/stm32g4xx_hal_tim.o
                0x080024a6                HAL_TIM_PWM_MspInit
 .text.HAL_TIM_OC_DelayElapsedCallback
                0x080024a8        0x2 build/stm32g4xx_hal_tim.o
                0x080024a8                HAL_TIM_OC_DelayElapsedCallback
 .text.HAL_TIM_IC_CaptureCallback
                0x080024aa        0x2 build/stm32g4xx_hal_tim.o
                0x080024aa                HAL_TIM_IC_CaptureCallback
 .text.HAL_TIM_PWM_PulseFinishedCallback
                0x080024ac        0x2 build/stm32g4xx_hal_tim.o
                0x080024ac                HAL_TIM_PWM_PulseFinishedCallback
 .text.HAL_TIM_TriggerCallback
                0x080024ae        0x2 build/stm32g4xx_hal_tim.o
                0x080024ae                HAL_TIM_TriggerCallback
 .text.HAL_TIM_IRQHandler
                0x080024b0      0x1ea build/stm32g4xx_hal_tim.o
                0x080024b0                HAL_TIM_IRQHandler
 *fill*         0x0800269a        0x2 
 .text.TIM_Base_SetConfig
                0x0800269c       0xf0 build/stm32g4xx_hal_tim.o
                0x0800269c                TIM_Base_SetConfig
 .text.HAL_TIM_Base_Init
                0x0800278c       0x60 build/stm32g4xx_hal_tim.o
                0x0800278c                HAL_TIM_Base_Init
 .text.HAL_TIM_PWM_Init
                0x080027ec       0x60 build/stm32g4xx_hal_tim.o
                0x080027ec                HAL_TIM_PWM_Init
 .text.HAL_TIM_Encoder_Init
                0x0800284c       0xb0 build/stm32g4xx_hal_tim.o
                0x0800284c                HAL_TIM_Encoder_Init
 .text.TIM_OC2_SetConfig
                0x080028fc       0x9c build/stm32g4xx_hal_tim.o
                0x080028fc                TIM_OC2_SetConfig
 .text.HAL_TIM_PWM_ConfigChannel
                0x08002998      0x13a build/stm32g4xx_hal_tim.o
                0x08002998                HAL_TIM_PWM_ConfigChannel
 *fill*         0x08002ad2        0x2 
 .text.TIM_TI1_SetConfig
                0x08002ad4       0x7c build/stm32g4xx_hal_tim.o
                0x08002ad4                TIM_TI1_SetConfig
 .text.TIM_ETR_SetConfig
                0x08002b50       0x1a build/stm32g4xx_hal_tim.o
                0x08002b50                TIM_ETR_SetConfig
 *fill*         0x08002b6a        0x2 
 .text.HAL_TIM_ConfigClockSource
                0x08002b6c      0x154 build/stm32g4xx_hal_tim.o
                0x08002b6c                HAL_TIM_ConfigClockSource
 .text.TIM_CCxChannelCmd
                0x08002cc0       0x1e build/stm32g4xx_hal_tim.o
                0x08002cc0                TIM_CCxChannelCmd
 *fill*         0x08002cde        0x2 
 .text.HAL_TIM_PWM_Start
                0x08002ce0      0x17c build/stm32g4xx_hal_tim.o
                0x08002ce0                HAL_TIM_PWM_Start
 .text.HAL_TIM_PWM_Start_IT
                0x08002e5c      0x1e4 build/stm32g4xx_hal_tim.o
                0x08002e5c                HAL_TIM_PWM_Start_IT
 .text.TIM_CCxNChannelCmd
                0x08003040       0x1e build/stm32g4xx_hal_tim_ex.o
 .text.HAL_TIMEx_HallSensor_Init
                0x0800305e       0xe0 build/stm32g4xx_hal_tim_ex.o
                0x0800305e                HAL_TIMEx_HallSensor_Init
 *fill*         0x0800313e        0x2 
 .text.HAL_TIMEx_HallSensor_Start
                0x08003140       0xc8 build/stm32g4xx_hal_tim_ex.o
                0x08003140                HAL_TIMEx_HallSensor_Start
 .text.HAL_TIMEx_PWMN_Start
                0x08003208      0x104 build/stm32g4xx_hal_tim_ex.o
                0x08003208                HAL_TIMEx_PWMN_Start
 .text.HAL_TIMEx_MasterConfigSynchronization
                0x0800330c       0xac build/stm32g4xx_hal_tim_ex.o
                0x0800330c                HAL_TIMEx_MasterConfigSynchronization
 .text.HAL_TIMEx_ConfigBreakDeadTime
                0x080033b8       0xa8 build/stm32g4xx_hal_tim_ex.o
                0x080033b8                HAL_TIMEx_ConfigBreakDeadTime
 .text.HAL_TIMEx_CommutCallback
                0x08003460        0x2 build/stm32g4xx_hal_tim_ex.o
                0x08003460                HAL_TIMEx_CommutCallback
 .text.HAL_TIMEx_BreakCallback
                0x08003462        0x2 build/stm32g4xx_hal_tim_ex.o
                0x08003462                HAL_TIMEx_BreakCallback
 .text.HAL_TIMEx_Break2Callback
                0x08003464        0x2 build/stm32g4xx_hal_tim_ex.o
                0x08003464                HAL_TIMEx_Break2Callback
 .text.HAL_TIMEx_EncoderIndexCallback
                0x08003466        0x2 build/stm32g4xx_hal_tim_ex.o
                0x08003466                HAL_TIMEx_EncoderIndexCallback
 .text.HAL_TIMEx_DirectionChangeCallback
                0x08003468        0x2 build/stm32g4xx_hal_tim_ex.o
                0x08003468                HAL_TIMEx_DirectionChangeCallback
 .text.HAL_TIMEx_IndexErrorCallback
                0x0800346a        0x2 build/stm32g4xx_hal_tim_ex.o
                0x0800346a                HAL_TIMEx_IndexErrorCallback
 .text.HAL_TIMEx_TransitionErrorCallback
                0x0800346c        0x2 build/stm32g4xx_hal_tim_ex.o
                0x0800346c                HAL_TIMEx_TransitionErrorCallback
 .text._Z10PI_controll
                0x0800346e        0x6 build/App.o
                0x0800346e                PI_control(long)
 .text.App_Init
                0x08003474       0x34 build/App.o
                0x08003474                App_Init
 .text.App_Process
                0x080034a8       0x94 build/App.o
                0x080034a8                App_Process
 .text.readEncoder
                0x0800353c      0x140 build/encoder.o
                0x0800353c                readEncoder
 .text._Z14sin_from_tablet
                0x0800367c       0x68 build/Park_u_Clark.o
                0x0800367c                sin_from_table(unsigned short)
 .text._Z14cos_from_tablet
                0x080036e4       0x70 build/Park_u_Clark.o
                0x080036e4                cos_from_table(unsigned short)
 .text.transform_to_Clark_domain
                0x08003754       0x20 build/Park_u_Clark.o
                0x08003754                transform_to_Clark_domain
 .text.transform_to_Park_domain
                0x08003774       0x3e build/Park_u_Clark.o
                0x08003774                transform_to_Park_domain
 *fill*         0x080037b2        0x2 
 .text.init_phase_estimater
                0x080037b4       0x48 build/phaseEstimater.o
                0x080037b4                init_phase_estimater
 .text.initialize_Hallsensor_phase_estimator
                0x080037fc       0x5c build/phaseEstimater.o
                0x080037fc                initialize_Hallsensor_phase_estimator
 .text.estimate_rotor_phase
                0x08003858      0x390 build/phaseEstimater.o
                0x08003858                estimate_rotor_phase
 .text.initSVM  0x08003be8       0x84 build/SVM.o
                0x08003be8                initSVM
 .text.HAL_TIM_PeriodElapsedCallback
                0x08003c6c       0x74 build/SVM.o
                0x08003c6c                HAL_TIM_PeriodElapsedCallback
 .text.setVoltageVector
                0x08003ce0      0x144 build/SVM.o
                0x08003ce0                setVoltageVector
 .text.Reset_Handler
                0x08003e24       0x50 build/startup_stm32g474xx.o
                0x08003e24                Reset_Handler
 .text.Default_Handler
                0x08003e74        0x2 build/startup_stm32g474xx.o
                0x08003e74                RTC_Alarm_IRQHandler
                0x08003e74                EXTI2_IRQHandler
                0x08003e74                TIM8_TRG_COM_IRQHandler
                0x08003e74                TIM8_CC_IRQHandler
                0x08003e74                HRTIM1_Master_IRQHandler
                0x08003e74                SPI4_IRQHandler
                0x08003e74                FDCAN3_IT0_IRQHandler
                0x08003e74                TIM1_CC_IRQHandler
                0x08003e74                HRTIM1_FLT_IRQHandler
                0x08003e74                HRTIM1_TIMF_IRQHandler
                0x08003e74                USB_HP_IRQHandler
                0x08003e74                CORDIC_IRQHandler
                0x08003e74                HRTIM1_TIMD_IRQHandler
                0x08003e74                DMA2_Channel8_IRQHandler
                0x08003e74                EXTI3_IRQHandler
                0x08003e74                I2C3_ER_IRQHandler
                0x08003e74                EXTI0_IRQHandler
                0x08003e74                I2C2_EV_IRQHandler
                0x08003e74                FPU_IRQHandler
                0x08003e74                FDCAN1_IT1_IRQHandler
                0x08003e74                ADC1_2_IRQHandler
                0x08003e74                HRTIM1_TIME_IRQHandler
                0x08003e74                SPI1_IRQHandler
                0x08003e74                TIM6_DAC_IRQHandler
                0x08003e74                HRTIM1_TIMC_IRQHandler
                0x08003e74                TIM8_UP_IRQHandler
                0x08003e74                DMA2_Channel2_IRQHandler
                0x08003e74                DMA1_Channel4_IRQHandler
                0x08003e74                TIM20_TRG_COM_IRQHandler
                0x08003e74                USART3_IRQHandler
                0x08003e74                DMA1_Channel7_IRQHandler
                0x08003e74                UART5_IRQHandler
                0x08003e74                ADC3_IRQHandler
                0x08003e74                TIM4_IRQHandler
                0x08003e74                DMA2_Channel1_IRQHandler
                0x08003e74                QUADSPI_IRQHandler
                0x08003e74                I2C1_EV_IRQHandler
                0x08003e74                DMA1_Channel6_IRQHandler
                0x08003e74                UART4_IRQHandler
                0x08003e74                DMA2_Channel4_IRQHandler
                0x08003e74                TIM3_IRQHandler
                0x08003e74                RCC_IRQHandler
                0x08003e74                TIM20_UP_IRQHandler
                0x08003e74                DMA1_Channel1_IRQHandler
                0x08003e74                Default_Handler
                0x08003e74                DMA2_Channel7_IRQHandler
                0x08003e74                RTC_TAMP_LSECSS_IRQHandler
                0x08003e74                FMAC_IRQHandler
                0x08003e74                DMA1_Channel8_IRQHandler
                0x08003e74                HRTIM1_TIMA_IRQHandler
                0x08003e74                TIM7_DAC_IRQHandler
                0x08003e74                FDCAN3_IT1_IRQHandler
                0x08003e74                TIM5_IRQHandler
                0x08003e74                UCPD1_IRQHandler
                0x08003e74                I2C3_EV_IRQHandler
                0x08003e74                EXTI9_5_IRQHandler
                0x08003e74                RTC_WKUP_IRQHandler
                0x08003e74                PVD_PVM_IRQHandler
                0x08003e74                SPI2_IRQHandler
                0x08003e74                ADC5_IRQHandler
                0x08003e74                DMA2_Channel5_IRQHandler
                0x08003e74                CRS_IRQHandler
                0x08003e74                DMA1_Channel5_IRQHandler
                0x08003e74                USB_LP_IRQHandler
                0x08003e74                EXTI4_IRQHandler
                0x08003e74                RNG_IRQHandler
                0x08003e74                HRTIM1_TIMB_IRQHandler
                0x08003e74                TIM1_TRG_COM_TIM17_IRQHandler
                0x08003e74                FDCAN2_IT1_IRQHandler
                0x08003e74                DMA1_Channel3_IRQHandler
                0x08003e74                ADC4_IRQHandler
                0x08003e74                WWDG_IRQHandler
                0x08003e74                I2C4_EV_IRQHandler
                0x08003e74                FDCAN2_IT0_IRQHandler
                0x08003e74                LPUART1_IRQHandler
                0x08003e74                DMA2_Channel6_IRQHandler
                0x08003e74                FDCAN1_IT0_IRQHandler
                0x08003e74                TIM2_IRQHandler
                0x08003e74                COMP7_IRQHandler
                0x08003e74                COMP1_2_3_IRQHandler
                0x08003e74                EXTI1_IRQHandler
                0x08003e74                USART2_IRQHandler
                0x08003e74                COMP4_5_6_IRQHandler
                0x08003e74                TIM20_BRK_IRQHandler
                0x08003e74                I2C2_ER_IRQHandler
                0x08003e74                DMA1_Channel2_IRQHandler
                0x08003e74                TIM8_BRK_IRQHandler
                0x08003e74                FLASH_IRQHandler
                0x08003e74                TIM20_CC_IRQHandler
                0x08003e74                USART1_IRQHandler
                0x08003e74                SPI3_IRQHandler
                0x08003e74                I2C1_ER_IRQHandler
                0x08003e74                FMC_IRQHandler
                0x08003e74                LPTIM1_IRQHandler
                0x08003e74                DMAMUX_OVR_IRQHandler
                0x08003e74                I2C4_ER_IRQHandler
                0x08003e74                USBWakeUp_IRQHandler
                0x08003e74                SAI1_IRQHandler
                0x08003e74                DMA2_Channel3_IRQHandler
 .text.memset   0x08003e76       0x10 C:/ST/STM32CubeCLT_1.15.1/GNU-tools-for-STM32/bin/../lib/gcc/arm-none-eabi/12.3.1/../../../../arm-none-eabi/lib/thumb/v7e-m+fp/hard\libc_nano.a(libc_a-memset.o)
                0x08003e76                memset
 *fill*         0x08003e86        0x2 
 .text.__libc_init_array
                0x08003e88       0x48 C:/ST/STM32CubeCLT_1.15.1/GNU-tools-for-STM32/bin/../lib/gcc/arm-none-eabi/12.3.1/../../../../arm-none-eabi/lib/thumb/v7e-m+fp/hard\libc_nano.a(libc_a-init.o)
                0x08003e88                __libc_init_array
 *(.glue_7)
 .glue_7        0x08003ed0        0x0 linker stubs
 *(.glue_7t)
 .glue_7t       0x08003ed0        0x0 linker stubs
 *(.eh_frame)
 .eh_frame      0x08003ed0        0x0 C:/ST/STM32CubeCLT_1.15.1/GNU-tools-for-STM32/bin/../lib/gcc/arm-none-eabi/12.3.1/thumb/v7e-m+fp/hard/crtbegin.o
 *(.init)
 .init          0x08003ed0        0x4 C:/ST/STM32CubeCLT_1.15.1/GNU-tools-for-STM32/bin/../lib/gcc/arm-none-eabi/12.3.1/thumb/v7e-m+fp/hard/crti.o
                0x08003ed0                _init
 .init          0x08003ed4        0x8 C:/ST/STM32CubeCLT_1.15.1/GNU-tools-for-STM32/bin/../lib/gcc/arm-none-eabi/12.3.1/thumb/v7e-m+fp/hard/crtn.o
 *(.fini)
 .fini          0x08003edc        0x4 C:/ST/STM32CubeCLT_1.15.1/GNU-tools-for-STM32/bin/../lib/gcc/arm-none-eabi/12.3.1/thumb/v7e-m+fp/hard/crti.o
                0x08003edc                _fini
 .fini          0x08003ee0        0x8 C:/ST/STM32CubeCLT_1.15.1/GNU-tools-for-STM32/bin/../lib/gcc/arm-none-eabi/12.3.1/thumb/v7e-m+fp/hard/crtn.o
                0x08003ee8                        . = ALIGN (0x4)
                0x08003ee8                        _etext = .

.vfp11_veneer   0x08003ee8        0x0
 .vfp11_veneer  0x08003ee8        0x0 linker stubs

.v4_bx          0x08003ee8        0x0
 .v4_bx         0x08003ee8        0x0 linker stubs

.iplt           0x08003ee8        0x0
 .iplt          0x08003ee8        0x0 C:/ST/STM32CubeCLT_1.15.1/GNU-tools-for-STM32/bin/../lib/gcc/arm-none-eabi/12.3.1/thumb/v7e-m+fp/hard/crtbegin.o

.rodata         0x08003ee8      0x2d0
                0x08003ee8                        . = ALIGN (0x4)
 *(.rodata)
 *(.rodata*)
 .rodata.UARTPrescTable
                0x08003ee8       0x18 build/stm32g4xx_hal_uart.o
                0x08003ee8                UARTPrescTable
 .rodata.APBPrescTable
                0x08003f00        0x8 build/system_stm32g4xx.o
                0x08003f00                APBPrescTable
 .rodata.AHBPrescTable
                0x08003f08       0x10 build/system_stm32g4xx.o
                0x08003f08                AHBPrescTable
 .rodata.readEncoder.str1.4
                0x08003f18       0x7d build/encoder.o
 *fill*         0x08003f95        0x3 
 .rodata._ZL9SIN_TABLE
                0x08003f98       0xb6 build/Park_u_Clark.o
 *fill*         0x0800404e        0x2 
 .rodata._ZL4SPWM
                0x08004050      0x168 build/SVM.o
                0x080041b8                        . = ALIGN (0x4)

.ARM.extab
 *(.ARM.extab* .gnu.linkonce.armextab.*)

.ARM            0x080041b8        0x8
                0x080041b8                        __exidx_start = .
 *(.ARM.exidx*)
 .ARM.exidx     0x080041b8        0x8 C:/ST/STM32CubeCLT_1.15.1/GNU-tools-for-STM32/bin/../lib/gcc/arm-none-eabi/12.3.1/thumb/v7e-m+fp/hard\libgcc.a(_udivmoddi4.o)
                0x080041c0                        __exidx_end = .

.rel.dyn        0x080041c0        0x0
 .rel.iplt      0x080041c0        0x0 C:/ST/STM32CubeCLT_1.15.1/GNU-tools-for-STM32/bin/../lib/gcc/arm-none-eabi/12.3.1/thumb/v7e-m+fp/hard/crtbegin.o

.preinit_array  0x080041c0        0x0
                0x080041c0                        PROVIDE (__preinit_array_start = .)
 *(.preinit_array*)
                0x080041c0                        PROVIDE (__preinit_array_end = .)

.init_array     0x080041c0        0x4
                0x080041c0                        PROVIDE (__init_array_start = .)
 *(SORT_BY_NAME(.init_array.*))
 *(.init_array*)
 .init_array    0x080041c0        0x4 C:/ST/STM32CubeCLT_1.15.1/GNU-tools-for-STM32/bin/../lib/gcc/arm-none-eabi/12.3.1/thumb/v7e-m+fp/hard/crtbegin.o
                0x080041c4                        PROVIDE (__init_array_end = .)

.fini_array     0x080041c4        0x4
                [!provide]                        PROVIDE (__fini_array_start = .)
 *(SORT_BY_NAME(.fini_array.*))
 *(.fini_array*)
 .fini_array    0x080041c4        0x4 C:/ST/STM32CubeCLT_1.15.1/GNU-tools-for-STM32/bin/../lib/gcc/arm-none-eabi/12.3.1/thumb/v7e-m+fp/hard/crtbegin.o
                [!provide]                        PROVIDE (__fini_array_end = .)
                0x080041c8                        _sidata = LOADADDR (.data)

.data           0x20000000       0x2c load address 0x080041c8
                0x20000000                        . = ALIGN (0x4)
                0x20000000                        _sdata = .
 *(.data)
 *(.data*)
 .data.uwTickFreq
                0x20000000        0x4 build/stm32g4xx_hal.o
                0x20000000                uwTickFreq
 .data.uwTickPrio
                0x20000004        0x4 build/stm32g4xx_hal.o
                0x20000004                uwTickPrio
 .data.SystemCoreClock
                0x20000008        0x4 build/system_stm32g4xx.o
                0x20000008                SystemCoreClock
 .data.setpoint
                0x2000000c        0x2 build/App.o
                0x2000000c                setpoint
 *fill*         0x2000000e        0x2 
 .data.phaseshift
                0x20000010        0x4 build/App.o
                0x20000010                phaseshift
 .data.avg_rate_of_change
                0x20000014        0x4 build/phaseEstimater.o
                0x20000014                avg_rate_of_change
 .data._ZL24block_commutation_active
                0x20000018        0x1 build/phaseEstimater.o
 *fill*         0x20000019        0x3 
 .data.HallSector_phase_offset
                0x2000001c       0x10 build/phaseEstimater.o
                0x2000001c                HallSector_phase_offset
                0x2000002c                        . = ALIGN (0x4)
                0x2000002c                        _edata = .

.igot.plt       0x2000002c        0x0 load address 0x080041f4
 .igot.plt      0x2000002c        0x0 C:/ST/STM32CubeCLT_1.15.1/GNU-tools-for-STM32/bin/../lib/gcc/arm-none-eabi/12.3.1/thumb/v7e-m+fp/hard/crtbegin.o
                0x2000002c                        . = ALIGN (0x4)

.bss            0x2000002c      0x2cc load address 0x080041f4
                0x2000002c                        _sbss = .
                0x2000002c                        __bss_start__ = _sbss
 *(.bss)
 .bss           0x2000002c       0x1c C:/ST/STM32CubeCLT_1.15.1/GNU-tools-for-STM32/bin/../lib/gcc/arm-none-eabi/12.3.1/thumb/v7e-m+fp/hard/crtbegin.o
 *(.bss*)
 .bss.BspCOMInit
                0x20000048       0x10 build/main.o
                0x20000048                BspCOMInit
 .bss.hcom_uart
                0x20000058       0x94 build/stm32g4xx_nucleo.o
                0x20000058                hcom_uart
 .bss.hpb_exti  0x200000ec        0x8 build/stm32g4xx_nucleo.o
                0x200000ec                hpb_exti
 .bss.uwTick    0x200000f4        0x4 build/stm32g4xx_hal.o
                0x200000f4                uwTick
 .bss.htim15    0x200000f8       0x4c build/tim.o
                0x200000f8                htim15
 .bss.htim8     0x20000144       0x4c build/tim.o
                0x20000144                htim8
 .bss.htim6     0x20000190       0x4c build/tim.o
                0x20000190                htim6
 .bss.htim5     0x200001dc       0x4c build/tim.o
                0x200001dc                htim5
 .bss.htim1     0x20000228       0x4c build/tim.o
                0x20000228                htim1
 .bss._ZZ11App_ProcessE9init_done
                0x20000274        0x1 build/App.o
 *fill*         0x20000275        0x1 
 .bss.TIM_PSC   0x20000276        0x2 build/App.o
                0x20000276                TIM_PSC
 .bss._ZZ11readEncoderE5iniOK
                0x20000278        0x1 build/encoder.o
 *fill*         0x20000279        0x3 
 .bss._ZZ11readEncoderE5state
                0x2000027c        0x4 build/encoder.o
 .bss._ZZ11readEncoderE5event
                0x20000280        0x4 build/encoder.o
 .bss._ZZ11readEncoderE11encoder_val
                0x20000284        0x4 build/encoder.o
 .bss._ZZ11readEncoderE8ENCODERB
                0x20000288        0x1 build/encoder.o
 .bss._ZZ11readEncoderE8ENCODERA
                0x20000289        0x1 build/encoder.o
 *fill*         0x2000028a        0x2 
 .bss.Motor     0x2000028c       0x2c build/global_var.o
                0x2000028c                Motor
 .bss._ZZ20estimate_rotor_phaseE10lock_HALL3
                0x200002b8        0x1 build/phaseEstimater.o
 .bss._ZZ20estimate_rotor_phaseE10lock_HALL2
                0x200002b9        0x1 build/phaseEstimater.o
 .bss._ZZ20estimate_rotor_phaseE10lock_HALL1
                0x200002ba        0x1 build/phaseEstimater.o
 .bss._ZZ20estimate_rotor_phaseE5HALL3
                0x200002bb        0x1 build/phaseEstimater.o
 .bss._ZZ20estimate_rotor_phaseE5HALL2
                0x200002bc        0x1 build/phaseEstimater.o
 .bss._ZZ20estimate_rotor_phaseE5HALL1
                0x200002bd        0x1 build/phaseEstimater.o
 .bss._ZZ20estimate_rotor_phaseE10prev_phase
                0x200002be        0x2 build/phaseEstimater.o
 .bss._ZZ20estimate_rotor_phaseE18PreviousHallSector
                0x200002c0        0x2 build/phaseEstimater.o
 .bss._ZZ20estimate_rotor_phaseE10SectorTime
                0x200002c2        0x2 build/phaseEstimater.o
 .bss._ZZ20estimate_rotor_phaseE10HallSector
                0x200002c4        0x1 build/phaseEstimater.o
 .bss._ZZ20estimate_rotor_phaseE4init
                0x200002c5        0x1 build/phaseEstimater.o
 .bss.rate_of_change
                0x200002c6        0x2 build/phaseEstimater.o
                0x200002c6                rate_of_change
 .bss._ZL17Prev_Sector_times
                0x200002c8       0x10 build/phaseEstimater.o
 .bss._ZZ37initialize_Hallsensor_phase_estimatorE4init
                0x200002d8        0x1 build/phaseEstimater.o
 *fill*         0x200002d9        0x1 
 .bss._ZZ37initialize_Hallsensor_phase_estimatorE13voltage_phase
                0x200002da        0x2 build/phaseEstimater.o
 .bss.Hall_Tim  0x200002dc        0x4 build/phaseEstimater.o
                0x200002dc                Hall_Tim
 .bss.HallSector_phase_span
                0x200002e0       0x10 build/phaseEstimater.o
                0x200002e0                HallSector_phase_span
 .bss._ZL14current_sector
                0x200002f0        0x2 build/SVM.o
 .bss._ZL5CCR_W
                0x200002f2        0x2 build/SVM.o
 .bss._ZL5CCR_V
                0x200002f4        0x2 build/SVM.o
 .bss._ZL5CCR_U
                0x200002f6        0x2 build/SVM.o
 *(COMMON)
                0x200002f8                        . = ALIGN (0x4)
                0x200002f8                        _ebss = .
                0x200002f8                        __bss_end__ = _ebss

._user_heap_stack
                0x200002f8      0x600 load address 0x080041f4
                0x200002f8                        . = ALIGN (0x8)
                [!provide]                        PROVIDE (end = .)
                0x200002f8                        PROVIDE (_end = .)
                0x200004f8                        . = (. + _Min_Heap_Size)
 *fill*         0x200002f8      0x200 
                0x200008f8                        . = (. + _Min_Stack_Size)
 *fill*         0x200004f8      0x400 
                0x200008f8                        . = ALIGN (0x8)

/DISCARD/
 libc.a(*)
 libm.a(*)
 libgcc.a(*)
OUTPUT(build/ESC_G474.elf elf32-littlearm)
LOAD linker stubs
LOAD C:/ST/STM32CubeCLT_1.15.1/GNU-tools-for-STM32/bin/../lib/gcc/arm-none-eabi/12.3.1/../../../../arm-none-eabi/lib/thumb/v7e-m+fp/hard\libc.a
LOAD C:/ST/STM32CubeCLT_1.15.1/GNU-tools-for-STM32/bin/../lib/gcc/arm-none-eabi/12.3.1/../../../../arm-none-eabi/lib/thumb/v7e-m+fp/hard\libm.a
LOAD C:/ST/STM32CubeCLT_1.15.1/GNU-tools-for-STM32/bin/../lib/gcc/arm-none-eabi/12.3.1/thumb/v7e-m+fp/hard\libgcc.a

.ARM.attributes
                0x00000000       0x30
 .ARM.attributes
                0x00000000       0x22 C:/ST/STM32CubeCLT_1.15.1/GNU-tools-for-STM32/bin/../lib/gcc/arm-none-eabi/12.3.1/thumb/v7e-m+fp/hard/crti.o
 .ARM.attributes
                0x00000022       0x34 C:/ST/STM32CubeCLT_1.15.1/GNU-tools-for-STM32/bin/../lib/gcc/arm-none-eabi/12.3.1/thumb/v7e-m+fp/hard/crtbegin.o
 .ARM.attributes
                0x00000056       0x34 build/main.o
 .ARM.attributes
                0x0000008a       0x34 build/gpio.o
 .ARM.attributes
                0x000000be       0x34 build/stm32g4xx_it.o
 .ARM.attributes
                0x000000f2       0x34 build/stm32g4xx_hal_msp.o
 .ARM.attributes
                0x00000126       0x34 build/stm32g4xx_nucleo.o
 .ARM.attributes
                0x0000015a       0x34 build/stm32g4xx_hal.o
 .ARM.attributes
                0x0000018e       0x34 build/stm32g4xx_hal_rcc.o
 .ARM.attributes
                0x000001c2       0x34 build/stm32g4xx_hal_gpio.o
 .ARM.attributes
                0x000001f6       0x34 build/stm32g4xx_hal_exti.o
 .ARM.attributes
                0x0000022a       0x34 build/stm32g4xx_hal_pwr_ex.o
 .ARM.attributes
                0x0000025e       0x34 build/stm32g4xx_hal_cortex.o
 .ARM.attributes
                0x00000292       0x34 build/stm32g4xx_hal_uart.o
 .ARM.attributes
                0x000002c6       0x34 build/system_stm32g4xx.o
 .ARM.attributes
                0x000002fa       0x34 build/tim.o
 .ARM.attributes
                0x0000032e       0x34 build/stm32g4xx_hal_tim.o
 .ARM.attributes
                0x00000362       0x34 build/stm32g4xx_hal_tim_ex.o
 .ARM.attributes
                0x00000396       0x34 build/App.o
 .ARM.attributes
                0x000003ca       0x34 build/encoder.o
 .ARM.attributes
                0x000003fe       0x34 build/global_var.o
 .ARM.attributes
                0x00000432       0x34 build/Park_u_Clark.o
 .ARM.attributes
                0x00000466       0x34 build/phaseEstimater.o
 .ARM.attributes
                0x0000049a       0x34 build/SVM.o
 .ARM.attributes
                0x000004ce       0x21 build/startup_stm32g474xx.o
 .ARM.attributes
                0x000004ef       0x34 C:/ST/STM32CubeCLT_1.15.1/GNU-tools-for-STM32/bin/../lib/gcc/arm-none-eabi/12.3.1/../../../../arm-none-eabi/lib/thumb/v7e-m+fp/hard\libc_nano.a(libc_a-memset.o)
 .ARM.attributes
                0x00000523       0x34 C:/ST/STM32CubeCLT_1.15.1/GNU-tools-for-STM32/bin/../lib/gcc/arm-none-eabi/12.3.1/../../../../arm-none-eabi/lib/thumb/v7e-m+fp/hard\libc_nano.a(libc_a-init.o)
 .ARM.attributes
                0x00000557       0x22 C:/ST/STM32CubeCLT_1.15.1/GNU-tools-for-STM32/bin/../lib/gcc/arm-none-eabi/12.3.1/thumb/v7e-m+fp/hard\libgcc.a(_aeabi_ldivmod.o)
 .ARM.attributes
                0x00000579       0x22 C:/ST/STM32CubeCLT_1.15.1/GNU-tools-for-STM32/bin/../lib/gcc/arm-none-eabi/12.3.1/thumb/v7e-m+fp/hard\libgcc.a(_aeabi_uldivmod.o)
 .ARM.attributes
                0x0000059b       0x34 C:/ST/STM32CubeCLT_1.15.1/GNU-tools-for-STM32/bin/../lib/gcc/arm-none-eabi/12.3.1/thumb/v7e-m+fp/hard\libgcc.a(_udivmoddi4.o)
 .ARM.attributes
                0x000005cf       0x22 C:/ST/STM32CubeCLT_1.15.1/GNU-tools-for-STM32/bin/../lib/gcc/arm-none-eabi/12.3.1/thumb/v7e-m+fp/hard\libgcc.a(_dvmd_tls.o)
 .ARM.attributes
                0x000005f1       0x22 C:/ST/STM32CubeCLT_1.15.1/GNU-tools-for-STM32/bin/../lib/gcc/arm-none-eabi/12.3.1/thumb/v7e-m+fp/hard/crtn.o

.comment        0x00000000       0x43
 .comment       0x00000000       0x43 build/main.o
                                 0x44 (size before relaxing)
 .comment       0x00000043       0x44 build/gpio.o
 .comment       0x00000043       0x44 build/stm32g4xx_it.o
 .comment       0x00000043       0x44 build/stm32g4xx_hal_msp.o
 .comment       0x00000043       0x44 build/stm32g4xx_nucleo.o
 .comment       0x00000043       0x44 build/stm32g4xx_hal.o
 .comment       0x00000043       0x44 build/stm32g4xx_hal_rcc.o
 .comment       0x00000043       0x44 build/stm32g4xx_hal_gpio.o
 .comment       0x00000043       0x44 build/stm32g4xx_hal_exti.o
 .comment       0x00000043       0x44 build/stm32g4xx_hal_pwr_ex.o
 .comment       0x00000043       0x44 build/stm32g4xx_hal_cortex.o
 .comment       0x00000043       0x44 build/stm32g4xx_hal_uart.o
 .comment       0x00000043       0x44 build/system_stm32g4xx.o
 .comment       0x00000043       0x44 build/tim.o
 .comment       0x00000043       0x44 build/stm32g4xx_hal_tim.o
 .comment       0x00000043       0x44 build/stm32g4xx_hal_tim_ex.o
 .comment       0x00000043       0x44 build/App.o
 .comment       0x00000043       0x44 build/encoder.o
 .comment       0x00000043       0x44 build/global_var.o
 .comment       0x00000043       0x44 build/Park_u_Clark.o
 .comment       0x00000043       0x44 build/phaseEstimater.o
 .comment       0x00000043       0x44 build/SVM.o

.debug_info     0x00000000    0x220b1
 .debug_info    0x00000000      0x706 build/main.o
 .debug_info    0x00000706      0x5be build/gpio.o
 .debug_info    0x00000cc4      0xa68 build/stm32g4xx_it.o
 .debug_info    0x0000172c      0x3a1 build/stm32g4xx_hal_msp.o
 .debug_info    0x00001acd     0x1ce8 build/stm32g4xx_nucleo.o
 .debug_info    0x000037b5      0xdc9 build/stm32g4xx_hal.o
 .debug_info    0x0000457e     0x1065 build/stm32g4xx_hal_rcc.o
 .debug_info    0x000055e3      0x92d build/stm32g4xx_hal_gpio.o
 .debug_info    0x00005f10      0x7e0 build/stm32g4xx_hal_exti.o
 .debug_info    0x000066f0      0xb1d build/stm32g4xx_hal_pwr_ex.o
 .debug_info    0x0000720d     0x120d build/stm32g4xx_hal_cortex.o
 .debug_info    0x0000841a     0x66cf build/stm32g4xx_hal_uart.o
 .debug_info    0x0000eae9      0x649 build/system_stm32g4xx.o
 .debug_info    0x0000f132     0x1cb6 build/tim.o
 .debug_info    0x00010de8     0x444f build/stm32g4xx_hal_tim.o
 .debug_info    0x00015237     0x2879 build/stm32g4xx_hal_tim_ex.o
 .debug_info    0x00017ab0     0x2705 build/App.o
 .debug_info    0x0001a1b5      0xaa8 build/encoder.o
 .debug_info    0x0001ac5d      0x975 build/global_var.o
 .debug_info    0x0001b5d2     0x2235 build/Park_u_Clark.o
 .debug_info    0x0001d807     0x300b build/phaseEstimater.o
 .debug_info    0x00020812     0x186f build/SVM.o
 .debug_info    0x00022081       0x30 build/startup_stm32g474xx.o

.debug_abbrev   0x00000000     0x36ea
 .debug_abbrev  0x00000000      0x1c0 build/main.o
 .debug_abbrev  0x000001c0      0x160 build/gpio.o
 .debug_abbrev  0x00000320      0x1b6 build/stm32g4xx_it.o
 .debug_abbrev  0x000004d6       0xd6 build/stm32g4xx_hal_msp.o
 .debug_abbrev  0x000005ac      0x355 build/stm32g4xx_nucleo.o
 .debug_abbrev  0x00000901      0x298 build/stm32g4xx_hal.o
 .debug_abbrev  0x00000b99      0x2de build/stm32g4xx_hal_rcc.o
 .debug_abbrev  0x00000e77      0x222 build/stm32g4xx_hal_gpio.o
 .debug_abbrev  0x00001099      0x1d1 build/stm32g4xx_hal_exti.o
 .debug_abbrev  0x0000126a      0x263 build/stm32g4xx_hal_pwr_ex.o
 .debug_abbrev  0x000014cd      0x3ca build/stm32g4xx_hal_cortex.o
 .debug_abbrev  0x00001897      0x35c build/stm32g4xx_hal_uart.o
 .debug_abbrev  0x00001bf3      0x11b build/system_stm32g4xx.o
 .debug_abbrev  0x00001d0e      0x25f build/tim.o
 .debug_abbrev  0x00001f6d      0x2cc build/stm32g4xx_hal_tim.o
 .debug_abbrev  0x00002239      0x2db build/stm32g4xx_hal_tim_ex.o
 .debug_abbrev  0x00002514      0x356 build/App.o
 .debug_abbrev  0x0000286a      0x276 build/encoder.o
 .debug_abbrev  0x00002ae0      0x1d8 build/global_var.o
 .debug_abbrev  0x00002cb8      0x2ca build/Park_u_Clark.o
 .debug_abbrev  0x00002f82      0x3ea build/phaseEstimater.o
 .debug_abbrev  0x0000336c      0x361 build/SVM.o
 .debug_abbrev  0x000036cd       0x1d build/startup_stm32g474xx.o

.debug_loc      0x00000000    0x13cc9
 .debug_loc     0x00000000       0x66 build/main.o
 .debug_loc     0x00000066       0x38 build/gpio.o
 .debug_loc     0x0000009e       0x80 build/stm32g4xx_it.o
 .debug_loc     0x0000011e       0x38 build/stm32g4xx_hal_msp.o
 .debug_loc     0x00000156      0x697 build/stm32g4xx_nucleo.o
 .debug_loc     0x000007ed      0x2af build/stm32g4xx_hal.o
 .debug_loc     0x00000a9c      0x999 build/stm32g4xx_hal_rcc.o
 .debug_loc     0x00001435      0x46f build/stm32g4xx_hal_gpio.o
 .debug_loc     0x000018a4      0xb61 build/stm32g4xx_hal_exti.o
 .debug_loc     0x00002405      0x8ad build/stm32g4xx_hal_pwr_ex.o
 .debug_loc     0x00002cb2      0x7b9 build/stm32g4xx_hal_cortex.o
 .debug_loc     0x0000346b     0x6200 build/stm32g4xx_hal_uart.o
 .debug_loc     0x0000966b       0x9d build/system_stm32g4xx.o
 .debug_loc     0x00009708      0x4be build/tim.o
 .debug_loc     0x00009bc6     0x63ce build/stm32g4xx_hal_tim.o
 .debug_loc     0x0000ff94     0x33bb build/stm32g4xx_hal_tim_ex.o
 .debug_loc     0x0001334f       0xa1 build/App.o
 .debug_loc     0x000133f0      0x235 build/encoder.o
 .debug_loc     0x00013625      0x19f build/Park_u_Clark.o
 .debug_loc     0x000137c4      0x2f2 build/phaseEstimater.o
 .debug_loc     0x00013ab6      0x213 build/SVM.o

.debug_aranges  0x00000000     0x10a8
 .debug_aranges
                0x00000000       0x30 build/main.o
 .debug_aranges
                0x00000030       0x20 build/gpio.o
 .debug_aranges
                0x00000050       0x78 build/stm32g4xx_it.o
 .debug_aranges
                0x000000c8       0x20 build/stm32g4xx_hal_msp.o
 .debug_aranges
                0x000000e8       0xc8 build/stm32g4xx_nucleo.o
 .debug_aranges
                0x000001b0      0x148 build/stm32g4xx_hal.o
 .debug_aranges
                0x000002f8       0x98 build/stm32g4xx_hal_rcc.o
 .debug_aranges
                0x00000390       0x58 build/stm32g4xx_hal_gpio.o
 .debug_aranges
                0x000003e8       0x60 build/stm32g4xx_hal_exti.o
 .debug_aranges
                0x00000448      0x140 build/stm32g4xx_hal_pwr_ex.o
 .debug_aranges
                0x00000588       0xf0 build/stm32g4xx_hal_cortex.o
 .debug_aranges
                0x00000678      0x248 build/stm32g4xx_hal_uart.o
 .debug_aranges
                0x000008c0       0x28 build/system_stm32g4xx.o
 .debug_aranges
                0x000008e8       0x78 build/tim.o
 .debug_aranges
                0x00000960      0x3e0 build/stm32g4xx_hal_tim.o
 .debug_aranges
                0x00000d40      0x240 build/stm32g4xx_hal_tim_ex.o
 .debug_aranges
                0x00000f80       0x30 build/App.o
 .debug_aranges
                0x00000fb0       0x20 build/encoder.o
 .debug_aranges
                0x00000fd0       0x18 build/global_var.o
 .debug_aranges
                0x00000fe8       0x38 build/Park_u_Clark.o
 .debug_aranges
                0x00001020       0x30 build/phaseEstimater.o
 .debug_aranges
                0x00001050       0x30 build/SVM.o
 .debug_aranges
                0x00001080       0x28 build/startup_stm32g474xx.o

.debug_ranges   0x00000000      0xf50
 .debug_ranges  0x00000000       0x20 build/main.o
 .debug_ranges  0x00000020       0x10 build/gpio.o
 .debug_ranges  0x00000030       0x68 build/stm32g4xx_it.o
 .debug_ranges  0x00000098       0x10 build/stm32g4xx_hal_msp.o
 .debug_ranges  0x000000a8       0xb8 build/stm32g4xx_nucleo.o
 .debug_ranges  0x00000160      0x138 build/stm32g4xx_hal.o
 .debug_ranges  0x00000298       0xa0 build/stm32g4xx_hal_rcc.o
 .debug_ranges  0x00000338       0x48 build/stm32g4xx_hal_gpio.o
 .debug_ranges  0x00000380       0x50 build/stm32g4xx_hal_exti.o
 .debug_ranges  0x000003d0      0x130 build/stm32g4xx_hal_pwr_ex.o
 .debug_ranges  0x00000500       0xe0 build/stm32g4xx_hal_cortex.o
 .debug_ranges  0x000005e0      0x238 build/stm32g4xx_hal_uart.o
 .debug_ranges  0x00000818       0x18 build/system_stm32g4xx.o
 .debug_ranges  0x00000830       0x68 build/tim.o
 .debug_ranges  0x00000898      0x3d0 build/stm32g4xx_hal_tim.o
 .debug_ranges  0x00000c68      0x230 build/stm32g4xx_hal_tim_ex.o
 .debug_ranges  0x00000e98       0x20 build/App.o
 .debug_ranges  0x00000eb8       0x10 build/encoder.o
 .debug_ranges  0x00000ec8       0x28 build/Park_u_Clark.o
 .debug_ranges  0x00000ef0       0x20 build/phaseEstimater.o
 .debug_ranges  0x00000f10       0x20 build/SVM.o
 .debug_ranges  0x00000f30       0x20 build/startup_stm32g474xx.o

.debug_line     0x00000000    0x15c0e
 .debug_line    0x00000000      0x3b7 build/main.o
 .debug_line    0x000003b7      0x212 build/gpio.o
 .debug_line    0x000005c9      0x38d build/stm32g4xx_it.o
 .debug_line    0x00000956      0x1ec build/stm32g4xx_hal_msp.o
 .debug_line    0x00000b42      0x695 build/stm32g4xx_nucleo.o
 .debug_line    0x000011d7      0x71f build/stm32g4xx_hal.o
 .debug_line    0x000018f6      0xe37 build/stm32g4xx_hal_rcc.o
 .debug_line    0x0000272d      0x6ec build/stm32g4xx_hal_gpio.o
 .debug_line    0x00002e19      0x78f build/stm32g4xx_hal_exti.o
 .debug_line    0x000035a8      0xa97 build/stm32g4xx_hal_pwr_ex.o
 .debug_line    0x0000403f      0x883 build/stm32g4xx_hal_cortex.o
 .debug_line    0x000048c2     0x6479 build/stm32g4xx_hal_uart.o
 .debug_line    0x0000ad3b      0x296 build/system_stm32g4xx.o
 .debug_line    0x0000afd1      0x8c6 build/tim.o
 .debug_line    0x0000b897     0x51ee build/stm32g4xx_hal_tim.o
 .debug_line    0x00010a85     0x269a build/stm32g4xx_hal_tim_ex.o
 .debug_line    0x0001311f      0x68a build/App.o
 .debug_line    0x000137a9      0x642 build/encoder.o
 .debug_line    0x00013deb      0x4a2 build/global_var.o
 .debug_line    0x0001428d      0x6a0 build/Park_u_Clark.o
 .debug_line    0x0001492d      0xaa9 build/phaseEstimater.o
 .debug_line    0x000153d6      0x7c1 build/SVM.o
 .debug_line    0x00015b97       0x77 build/startup_stm32g474xx.o

.debug_str      0x00000000     0x633a
 .debug_str     0x00000000      0x57b build/main.o
                                0x5f9 (size before relaxing)
 .debug_str     0x0000057b      0x1f5 build/gpio.o
                                0x3a5 (size before relaxing)
 .debug_str     0x00000770      0x572 build/stm32g4xx_it.o
                                0x8c3 (size before relaxing)
 .debug_str     0x00000ce2       0x4a build/stm32g4xx_hal_msp.o
                                0x307 (size before relaxing)
 .debug_str     0x00000d2c      0xba8 build/stm32g4xx_nucleo.o
                               0x1497 (size before relaxing)
 .debug_str     0x000018d4      0x49c build/stm32g4xx_hal.o
                                0xe13 (size before relaxing)
 .debug_str     0x00001d70      0x31b build/stm32g4xx_hal_rcc.o
                                0x829 (size before relaxing)
 .debug_str     0x0000208b       0xea build/stm32g4xx_hal_gpio.o
                                0x514 (size before relaxing)
 .debug_str     0x00002175      0x12f build/stm32g4xx_hal_exti.o
                                0x405 (size before relaxing)
 .debug_str     0x000022a4      0x4ce build/stm32g4xx_hal_pwr_ex.o
                                0x7b6 (size before relaxing)
 .debug_str     0x00002772      0x448 build/stm32g4xx_hal_cortex.o
                                0xd69 (size before relaxing)
 .debug_str     0x00002bba      0x8cf build/stm32g4xx_hal_uart.o
                               0x11fe (size before relaxing)
 .debug_str     0x00003489       0x3d build/system_stm32g4xx.o
                                0x39b (size before relaxing)
 .debug_str     0x000034c6      0x471 build/tim.o
                               0x151d (size before relaxing)
 .debug_str     0x00003937      0xdfc build/stm32g4xx_hal_tim.o
                               0x1879 (size before relaxing)
 .debug_str     0x00004733      0x766 build/stm32g4xx_hal_tim_ex.o
                               0x14ec (size before relaxing)
 .debug_str     0x00004e99      0xe91 build/App.o
                               0x1699 (size before relaxing)
 .debug_str     0x00005d2a      0x1d4 build/encoder.o
                                0x4a2 (size before relaxing)
 .debug_str     0x00005efe       0x62 build/global_var.o
                                0x492 (size before relaxing)
 .debug_str     0x00005f60       0xc9 build/Park_u_Clark.o
                                0xebe (size before relaxing)
 .debug_str     0x00006029      0x1f2 build/phaseEstimater.o
                               0x19c8 (size before relaxing)
 .debug_str     0x0000621b       0xed build/SVM.o
                               0x1459 (size before relaxing)
 .debug_str     0x00006308       0x32 build/startup_stm32g474xx.o
                                 0x52 (size before relaxing)

.debug_frame    0x00000000     0x2a98
 .debug_frame   0x00000000       0x58 build/main.o
 .debug_frame   0x00000058       0x30 build/gpio.o
 .debug_frame   0x00000088       0xf0 build/stm32g4xx_it.o
 .debug_frame   0x00000178       0x2c build/stm32g4xx_hal_msp.o
 .debug_frame   0x000001a4      0x240 build/stm32g4xx_nucleo.o
 .debug_frame   0x000003e4      0x2a4 build/stm32g4xx_hal.o
 .debug_frame   0x00000688      0x198 build/stm32g4xx_hal_rcc.o
 .debug_frame   0x00000820       0xd0 build/stm32g4xx_hal_gpio.o
 .debug_frame   0x000008f0       0xf4 build/stm32g4xx_hal_exti.o
 .debug_frame   0x000009e4      0x268 build/stm32g4xx_hal_pwr_ex.o
 .debug_frame   0x00000c4c      0x204 build/stm32g4xx_hal_cortex.o
 .debug_frame   0x00000e50      0x67c build/stm32g4xx_hal_uart.o
 .debug_frame   0x000014cc       0x30 build/system_stm32g4xx.o
 .debug_frame   0x000014fc      0x184 build/tim.o
 .debug_frame   0x00001680      0xb58 build/stm32g4xx_hal_tim.o
 .debug_frame   0x000021d8      0x620 build/stm32g4xx_hal_tim_ex.o
 .debug_frame   0x000027f8       0x5c build/App.o
 .debug_frame   0x00002854       0x34 build/encoder.o
 .debug_frame   0x00002888       0x68 build/Park_u_Clark.o
 .debug_frame   0x000028f0       0x64 build/phaseEstimater.o
 .debug_frame   0x00002954       0x54 build/SVM.o
 .debug_frame   0x000029a8       0x20 C:/ST/STM32CubeCLT_1.15.1/GNU-tools-for-STM32/bin/../lib/gcc/arm-none-eabi/12.3.1/../../../../arm-none-eabi/lib/thumb/v7e-m+fp/hard\libc_nano.a(libc_a-memset.o)
 .debug_frame   0x000029c8       0x2c C:/ST/STM32CubeCLT_1.15.1/GNU-tools-for-STM32/bin/../lib/gcc/arm-none-eabi/12.3.1/../../../../arm-none-eabi/lib/thumb/v7e-m+fp/hard\libc_nano.a(libc_a-init.o)
 .debug_frame   0x000029f4       0x44 C:/ST/STM32CubeCLT_1.15.1/GNU-tools-for-STM32/bin/../lib/gcc/arm-none-eabi/12.3.1/thumb/v7e-m+fp/hard\libgcc.a(_aeabi_ldivmod.o)
 .debug_frame   0x00002a38       0x2c C:/ST/STM32CubeCLT_1.15.1/GNU-tools-for-STM32/bin/../lib/gcc/arm-none-eabi/12.3.1/thumb/v7e-m+fp/hard\libgcc.a(_aeabi_uldivmod.o)
 .debug_frame   0x00002a64       0x34 C:/ST/STM32CubeCLT_1.15.1/GNU-tools-for-STM32/bin/../lib/gcc/arm-none-eabi/12.3.1/thumb/v7e-m+fp/hard\libgcc.a(_udivmoddi4.o)

Cross Reference Table

Symbol                                            File
ADC1_2_IRQHandler                                 build/startup_stm32g474xx.o
ADC3_IRQHandler                                   build/startup_stm32g474xx.o
ADC4_IRQHandler                                   build/startup_stm32g474xx.o
ADC5_IRQHandler                                   build/startup_stm32g474xx.o
AHBPrescTable                                     build/system_stm32g4xx.o
                                                  build/stm32g4xx_hal_rcc.o
APBPrescTable                                     build/system_stm32g4xx.o
                                                  build/stm32g4xx_hal_rcc.o
App_Init                                          build/App.o
                                                  build/main.o
App_Process                                       build/App.o
                                                  build/main.o
BSP_COM_DeInit                                    build/stm32g4xx_nucleo.o
BSP_COM_Init                                      build/stm32g4xx_nucleo.o
                                                  build/main.o
BSP_COM_SelectLogPort                             build/stm32g4xx_nucleo.o
BSP_GetBoardID                                    build/stm32g4xx_nucleo.o
BSP_GetBoardName                                  build/stm32g4xx_nucleo.o
BSP_GetVersion                                    build/stm32g4xx_nucleo.o
BSP_LED_DeInit                                    build/stm32g4xx_nucleo.o
BSP_LED_GetState                                  build/stm32g4xx_nucleo.o
BSP_LED_Init                                      build/stm32g4xx_nucleo.o
                                                  build/main.o
BSP_LED_Off                                       build/stm32g4xx_nucleo.o
BSP_LED_On                                        build/stm32g4xx_nucleo.o
BSP_LED_Toggle                                    build/stm32g4xx_nucleo.o
BSP_PB_Callback                                   build/stm32g4xx_nucleo.o
BSP_PB_DeInit                                     build/stm32g4xx_nucleo.o
BSP_PB_GetState                                   build/stm32g4xx_nucleo.o
BSP_PB_IRQHandler                                 build/stm32g4xx_nucleo.o
                                                  build/stm32g4xx_it.o
BSP_PB_Init                                       build/stm32g4xx_nucleo.o
                                                  build/main.o
BspCOMInit                                        build/main.o
BusFault_Handler                                  build/stm32g4xx_it.o
COMP1_2_3_IRQHandler                              build/startup_stm32g474xx.o
COMP4_5_6_IRQHandler                              build/startup_stm32g474xx.o
COMP7_IRQHandler                                  build/startup_stm32g474xx.o
CORDIC_IRQHandler                                 build/startup_stm32g474xx.o
CRS_IRQHandler                                    build/startup_stm32g474xx.o
DMA1_Channel1_IRQHandler                          build/startup_stm32g474xx.o
DMA1_Channel2_IRQHandler                          build/startup_stm32g474xx.o
DMA1_Channel3_IRQHandler                          build/startup_stm32g474xx.o
DMA1_Channel4_IRQHandler                          build/startup_stm32g474xx.o
DMA1_Channel5_IRQHandler                          build/startup_stm32g474xx.o
DMA1_Channel6_IRQHandler                          build/startup_stm32g474xx.o
DMA1_Channel7_IRQHandler                          build/startup_stm32g474xx.o
DMA1_Channel8_IRQHandler                          build/startup_stm32g474xx.o
DMA2_Channel1_IRQHandler                          build/startup_stm32g474xx.o
DMA2_Channel2_IRQHandler                          build/startup_stm32g474xx.o
DMA2_Channel3_IRQHandler                          build/startup_stm32g474xx.o
DMA2_Channel4_IRQHandler                          build/startup_stm32g474xx.o
DMA2_Channel5_IRQHandler                          build/startup_stm32g474xx.o
DMA2_Channel6_IRQHandler                          build/startup_stm32g474xx.o
DMA2_Channel7_IRQHandler                          build/startup_stm32g474xx.o
DMA2_Channel8_IRQHandler                          build/startup_stm32g474xx.o
DMAMUX_OVR_IRQHandler                             build/startup_stm32g474xx.o
DebugMon_Handler                                  build/stm32g4xx_it.o
Default_Handler                                   build/startup_stm32g474xx.o
EXTI0_IRQHandler                                  build/startup_stm32g474xx.o
EXTI15_10_IRQHandler                              build/stm32g4xx_it.o
EXTI1_IRQHandler                                  build/startup_stm32g474xx.o
EXTI2_IRQHandler                                  build/startup_stm32g474xx.o
EXTI3_IRQHandler                                  build/startup_stm32g474xx.o
EXTI4_IRQHandler                                  build/startup_stm32g474xx.o
EXTI9_5_IRQHandler                                build/startup_stm32g474xx.o
Error_Handler                                     build/main.o
                                                  build/tim.o
FDCAN1_IT0_IRQHandler                             build/startup_stm32g474xx.o
FDCAN1_IT1_IRQHandler                             build/startup_stm32g474xx.o
FDCAN2_IT0_IRQHandler                             build/startup_stm32g474xx.o
FDCAN2_IT1_IRQHandler                             build/startup_stm32g474xx.o
FDCAN3_IT0_IRQHandler                             build/startup_stm32g474xx.o
FDCAN3_IT1_IRQHandler                             build/startup_stm32g474xx.o
FLASH_FlushCaches                                 build/stm32g4xx_hal_flash_ex.o
                                                  build/stm32g4xx_hal_flash.o
FLASH_IRQHandler                                  build/startup_stm32g474xx.o
FLASH_PageErase                                   build/stm32g4xx_hal_flash_ex.o
                                                  build/stm32g4xx_hal_flash.o
FLASH_WaitForLastOperation                        build/stm32g4xx_hal_flash.o
                                                  build/stm32g4xx_hal_flash_ex.o
FMAC_IRQHandler                                   build/startup_stm32g474xx.o
FMC_IRQHandler                                    build/startup_stm32g474xx.o
FPU_IRQHandler                                    build/startup_stm32g474xx.o
HALL1                                             build/phaseEstimater.o
HALL2                                             build/phaseEstimater.o
HALL3                                             build/phaseEstimater.o
HAL_DBGMCU_DisableDBGSleepMode                    build/stm32g4xx_hal.o
HAL_DBGMCU_DisableDBGStandbyMode                  build/stm32g4xx_hal.o
HAL_DBGMCU_DisableDBGStopMode                     build/stm32g4xx_hal.o
HAL_DBGMCU_EnableDBGSleepMode                     build/stm32g4xx_hal.o
HAL_DBGMCU_EnableDBGStandbyMode                   build/stm32g4xx_hal.o
HAL_DBGMCU_EnableDBGStopMode                      build/stm32g4xx_hal.o
HAL_DMAEx_ConfigMuxRequestGenerator               build/stm32g4xx_hal_dma_ex.o
HAL_DMAEx_ConfigMuxSync                           build/stm32g4xx_hal_dma_ex.o
HAL_DMAEx_DisableMuxRequestGenerator              build/stm32g4xx_hal_dma_ex.o
HAL_DMAEx_EnableMuxRequestGenerator               build/stm32g4xx_hal_dma_ex.o
HAL_DMAEx_MUX_IRQHandler                          build/stm32g4xx_hal_dma_ex.o
HAL_DMA_Abort                                     build/stm32g4xx_hal_dma.o
                                                  build/stm32g4xx_hal_uart.o
HAL_DMA_Abort_IT                                  build/stm32g4xx_hal_dma.o
                                                  build/stm32g4xx_hal_tim_ex.o
                                                  build/stm32g4xx_hal_tim.o
                                                  build/stm32g4xx_hal_uart.o
HAL_DMA_DeInit                                    build/stm32g4xx_hal_dma.o
HAL_DMA_GetError                                  build/stm32g4xx_hal_dma.o
                                                  build/stm32g4xx_hal_uart.o
HAL_DMA_GetState                                  build/stm32g4xx_hal_dma.o
HAL_DMA_IRQHandler                                build/stm32g4xx_hal_dma.o
HAL_DMA_Init                                      build/stm32g4xx_hal_dma.o
HAL_DMA_PollForTransfer                           build/stm32g4xx_hal_dma.o
HAL_DMA_RegisterCallback                          build/stm32g4xx_hal_dma.o
HAL_DMA_Start                                     build/stm32g4xx_hal_dma.o
HAL_DMA_Start_IT                                  build/stm32g4xx_hal_dma.o
                                                  build/stm32g4xx_hal_tim_ex.o
                                                  build/stm32g4xx_hal_tim.o
                                                  build/stm32g4xx_hal_uart.o
HAL_DMA_UnRegisterCallback                        build/stm32g4xx_hal_dma.o
HAL_DeInit                                        build/stm32g4xx_hal.o
HAL_Delay                                         build/stm32g4xx_hal.o
HAL_EXTI_ClearConfigLine                          build/stm32g4xx_hal_exti.o
HAL_EXTI_ClearPending                             build/stm32g4xx_hal_exti.o
HAL_EXTI_GenerateSWI                              build/stm32g4xx_hal_exti.o
HAL_EXTI_GetConfigLine                            build/stm32g4xx_hal_exti.o
HAL_EXTI_GetHandle                                build/stm32g4xx_hal_exti.o
                                                  build/stm32g4xx_nucleo.o
HAL_EXTI_GetPending                               build/stm32g4xx_hal_exti.o
HAL_EXTI_IRQHandler                               build/stm32g4xx_hal_exti.o
                                                  build/stm32g4xx_nucleo.o
HAL_EXTI_RegisterCallback                         build/stm32g4xx_hal_exti.o
                                                  build/stm32g4xx_nucleo.o
HAL_EXTI_SetConfigLine                            build/stm32g4xx_hal_exti.o
HAL_FLASHEx_DisableDebugger                       build/stm32g4xx_hal_flash_ex.o
HAL_FLASHEx_DisableRunPowerDown                   build/stm32g4xx_hal_flash_ramfunc.o
HAL_FLASHEx_EnableDebugger                        build/stm32g4xx_hal_flash_ex.o
HAL_FLASHEx_EnableRunPowerDown                    build/stm32g4xx_hal_flash_ramfunc.o
HAL_FLASHEx_EnableSecMemProtection                build/stm32g4xx_hal_flash_ex.o
HAL_FLASHEx_Erase                                 build/stm32g4xx_hal_flash_ex.o
HAL_FLASHEx_Erase_IT                              build/stm32g4xx_hal_flash_ex.o
HAL_FLASHEx_OBGetConfig                           build/stm32g4xx_hal_flash_ex.o
HAL_FLASHEx_OBProgram                             build/stm32g4xx_hal_flash_ex.o
HAL_FLASHEx_OB_DBankConfig                        build/stm32g4xx_hal_flash_ramfunc.o
HAL_FLASH_EndOfOperationCallback                  build/stm32g4xx_hal_flash.o
HAL_FLASH_GetError                                build/stm32g4xx_hal_flash.o
HAL_FLASH_IRQHandler                              build/stm32g4xx_hal_flash.o
HAL_FLASH_Lock                                    build/stm32g4xx_hal_flash.o
HAL_FLASH_OB_Launch                               build/stm32g4xx_hal_flash.o
HAL_FLASH_OB_Lock                                 build/stm32g4xx_hal_flash.o
HAL_FLASH_OB_Unlock                               build/stm32g4xx_hal_flash.o
HAL_FLASH_OperationErrorCallback                  build/stm32g4xx_hal_flash.o
HAL_FLASH_Program                                 build/stm32g4xx_hal_flash.o
HAL_FLASH_Program_IT                              build/stm32g4xx_hal_flash.o
HAL_FLASH_Unlock                                  build/stm32g4xx_hal_flash.o
HAL_GPIO_DeInit                                   build/stm32g4xx_hal_gpio.o
                                                  build/tim.o
                                                  build/stm32g4xx_nucleo.o
HAL_GPIO_EXTI_Callback                            build/stm32g4xx_hal_gpio.o
HAL_GPIO_EXTI_IRQHandler                          build/stm32g4xx_hal_gpio.o
HAL_GPIO_Init                                     build/stm32g4xx_hal_gpio.o
                                                  build/App.o
                                                  build/tim.o
                                                  build/stm32g4xx_hal_rcc_ex.o
                                                  build/stm32g4xx_hal_rcc.o
                                                  build/stm32g4xx_nucleo.o
                                                  build/gpio.o
HAL_GPIO_LockPin                                  build/stm32g4xx_hal_gpio.o
HAL_GPIO_ReadPin                                  build/stm32g4xx_hal_gpio.o
                                                  build/phaseEstimater.o
                                                  build/encoder.o
                                                  build/stm32g4xx_nucleo.o
HAL_GPIO_TogglePin                                build/stm32g4xx_hal_gpio.o
                                                  build/stm32g4xx_nucleo.o
HAL_GPIO_WritePin                                 build/stm32g4xx_hal_gpio.o
                                                  build/stm32g4xx_nucleo.o
                                                  build/gpio.o
HAL_GetDEVID                                      build/stm32g4xx_hal.o
HAL_GetHalVersion                                 build/stm32g4xx_hal.o
HAL_GetREVID                                      build/stm32g4xx_hal.o
HAL_GetTick                                       build/stm32g4xx_hal.o
                                                  build/stm32g4xx_hal_tim_ex.o
                                                  build/stm32g4xx_hal_uart.o
                                                  build/stm32g4xx_hal_uart_ex.o
                                                  build/stm32g4xx_hal_dma.o
                                                  build/stm32g4xx_hal_flash.o
                                                  build/stm32g4xx_hal_rcc_ex.o
                                                  build/stm32g4xx_hal_rcc.o
HAL_GetTickFreq                                   build/stm32g4xx_hal.o
HAL_GetTickPrio                                   build/stm32g4xx_hal.o
HAL_GetUIDw0                                      build/stm32g4xx_hal.o
HAL_GetUIDw1                                      build/stm32g4xx_hal.o
HAL_GetUIDw2                                      build/stm32g4xx_hal.o
HAL_HalfDuplex_EnableReceiver                     build/stm32g4xx_hal_uart.o
HAL_HalfDuplex_EnableTransmitter                  build/stm32g4xx_hal_uart.o
HAL_HalfDuplex_Init                               build/stm32g4xx_hal_uart.o
HAL_IncTick                                       build/stm32g4xx_hal.o
                                                  build/stm32g4xx_it.o
HAL_Init                                          build/stm32g4xx_hal.o
                                                  build/main.o
HAL_InitTick                                      build/stm32g4xx_hal.o
                                                  build/stm32g4xx_hal_rcc.o
HAL_LIN_Init                                      build/stm32g4xx_hal_uart.o
HAL_LIN_SendBreak                                 build/stm32g4xx_hal_uart.o
HAL_MPU_ConfigRegion                              build/stm32g4xx_hal_cortex.o
HAL_MPU_Disable                                   build/stm32g4xx_hal_cortex.o
HAL_MPU_DisableRegion                             build/stm32g4xx_hal_cortex.o
HAL_MPU_Enable                                    build/stm32g4xx_hal_cortex.o
HAL_MPU_EnableRegion                              build/stm32g4xx_hal_cortex.o
HAL_MspDeInit                                     build/stm32g4xx_hal.o
HAL_MspInit                                       build/stm32g4xx_hal_msp.o
HAL_MultiProcessorEx_AddressLength_Set            build/stm32g4xx_hal_uart_ex.o
HAL_MultiProcessor_DisableMuteMode                build/stm32g4xx_hal_uart.o
HAL_MultiProcessor_EnableMuteMode                 build/stm32g4xx_hal_uart.o
HAL_MultiProcessor_EnterMuteMode                  build/stm32g4xx_hal_uart.o
HAL_MultiProcessor_Init                           build/stm32g4xx_hal_uart.o
HAL_NVIC_ClearPendingIRQ                          build/stm32g4xx_hal_cortex.o
HAL_NVIC_DisableIRQ                               build/stm32g4xx_hal_cortex.o
                                                  build/tim.o
                                                  build/stm32g4xx_nucleo.o
HAL_NVIC_EnableIRQ                                build/stm32g4xx_hal_cortex.o
                                                  build/SVM.o
                                                  build/tim.o
                                                  build/stm32g4xx_nucleo.o
HAL_NVIC_GetActive                                build/stm32g4xx_hal_cortex.o
HAL_NVIC_GetPendingIRQ                            build/stm32g4xx_hal_cortex.o
HAL_NVIC_GetPriority                              build/stm32g4xx_hal_cortex.o
HAL_NVIC_GetPriorityGrouping                      build/stm32g4xx_hal_cortex.o
HAL_NVIC_SetPendingIRQ                            build/stm32g4xx_hal_cortex.o
HAL_NVIC_SetPriority                              build/stm32g4xx_hal_cortex.o
                                                  build/SVM.o
                                                  build/tim.o
                                                  build/stm32g4xx_hal.o
                                                  build/stm32g4xx_nucleo.o
HAL_NVIC_SetPriorityGrouping                      build/stm32g4xx_hal_cortex.o
                                                  build/stm32g4xx_hal.o
HAL_NVIC_SystemReset                              build/stm32g4xx_hal_cortex.o
HAL_PWREx_ConfigPVM                               build/stm32g4xx_hal_pwr_ex.o
HAL_PWREx_ControlVoltageScaling                   build/stm32g4xx_hal_pwr_ex.o
                                                  build/main.o
HAL_PWREx_DisableBatteryCharging                  build/stm32g4xx_hal_pwr_ex.o
HAL_PWREx_DisableGPIOPullDown                     build/stm32g4xx_hal_pwr_ex.o
HAL_PWREx_DisableGPIOPullUp                       build/stm32g4xx_hal_pwr_ex.o
HAL_PWREx_DisableInternalWakeUpLine               build/stm32g4xx_hal_pwr_ex.o
HAL_PWREx_DisableLowPowerRunMode                  build/stm32g4xx_hal_pwr_ex.o
                                                  build/stm32g4xx_hal_pwr.o
HAL_PWREx_DisablePVM1                             build/stm32g4xx_hal_pwr_ex.o
HAL_PWREx_DisablePVM2                             build/stm32g4xx_hal_pwr_ex.o
HAL_PWREx_DisablePVM3                             build/stm32g4xx_hal_pwr_ex.o
HAL_PWREx_DisablePVM4                             build/stm32g4xx_hal_pwr_ex.o
HAL_PWREx_DisablePullUpPullDownConfig             build/stm32g4xx_hal_pwr_ex.o
HAL_PWREx_DisableSRAM2ContentRetention            build/stm32g4xx_hal_pwr_ex.o
HAL_PWREx_DisableUCPDDeadBattery                  build/stm32g4xx_hal_pwr_ex.o
                                                  build/stm32g4xx_hal_msp.o
HAL_PWREx_DisableUCPDStandbyMode                  build/stm32g4xx_hal_pwr_ex.o
HAL_PWREx_EnableBatteryCharging                   build/stm32g4xx_hal_pwr_ex.o
HAL_PWREx_EnableGPIOPullDown                      build/stm32g4xx_hal_pwr_ex.o
HAL_PWREx_EnableGPIOPullUp                        build/stm32g4xx_hal_pwr_ex.o
HAL_PWREx_EnableInternalWakeUpLine                build/stm32g4xx_hal_pwr_ex.o
HAL_PWREx_EnableLowPowerRunMode                   build/stm32g4xx_hal_pwr_ex.o
                                                  build/stm32g4xx_hal_pwr.o
HAL_PWREx_EnablePVM1                              build/stm32g4xx_hal_pwr_ex.o
HAL_PWREx_EnablePVM2                              build/stm32g4xx_hal_pwr_ex.o
HAL_PWREx_EnablePVM3                              build/stm32g4xx_hal_pwr_ex.o
HAL_PWREx_EnablePVM4                              build/stm32g4xx_hal_pwr_ex.o
HAL_PWREx_EnablePullUpPullDownConfig              build/stm32g4xx_hal_pwr_ex.o
HAL_PWREx_EnableSRAM2ContentRetention             build/stm32g4xx_hal_pwr_ex.o
HAL_PWREx_EnableUCPDDeadBattery                   build/stm32g4xx_hal_pwr_ex.o
HAL_PWREx_EnableUCPDStandbyMode                   build/stm32g4xx_hal_pwr_ex.o
HAL_PWREx_EnterSHUTDOWNMode                       build/stm32g4xx_hal_pwr_ex.o
HAL_PWREx_EnterSTOP0Mode                          build/stm32g4xx_hal_pwr_ex.o
                                                  build/stm32g4xx_hal_pwr.o
HAL_PWREx_EnterSTOP1Mode                          build/stm32g4xx_hal_pwr_ex.o
                                                  build/stm32g4xx_hal_pwr.o
HAL_PWREx_GetVoltageRange                         build/stm32g4xx_hal_pwr_ex.o
HAL_PWREx_PVD_PVM_IRQHandler                      build/stm32g4xx_hal_pwr_ex.o
HAL_PWREx_PVM1Callback                            build/stm32g4xx_hal_pwr_ex.o
HAL_PWREx_PVM2Callback                            build/stm32g4xx_hal_pwr_ex.o
HAL_PWREx_PVM3Callback                            build/stm32g4xx_hal_pwr_ex.o
HAL_PWREx_PVM4Callback                            build/stm32g4xx_hal_pwr_ex.o
HAL_PWR_ConfigPVD                                 build/stm32g4xx_hal_pwr.o
HAL_PWR_DeInit                                    build/stm32g4xx_hal_pwr.o
HAL_PWR_DisableBkUpAccess                         build/stm32g4xx_hal_pwr.o
                                                  build/stm32g4xx_hal_rcc_ex.o
HAL_PWR_DisablePVD                                build/stm32g4xx_hal_pwr.o
HAL_PWR_DisableSEVOnPend                          build/stm32g4xx_hal_pwr.o
HAL_PWR_DisableSleepOnExit                        build/stm32g4xx_hal_pwr.o
HAL_PWR_DisableWakeUpPin                          build/stm32g4xx_hal_pwr.o
HAL_PWR_EnableBkUpAccess                          build/stm32g4xx_hal_pwr.o
                                                  build/stm32g4xx_hal_rcc_ex.o
HAL_PWR_EnablePVD                                 build/stm32g4xx_hal_pwr.o
HAL_PWR_EnableSEVOnPend                           build/stm32g4xx_hal_pwr.o
HAL_PWR_EnableSleepOnExit                         build/stm32g4xx_hal_pwr.o
HAL_PWR_EnableWakeUpPin                           build/stm32g4xx_hal_pwr.o
HAL_PWR_EnterSLEEPMode                            build/stm32g4xx_hal_pwr.o
HAL_PWR_EnterSTANDBYMode                          build/stm32g4xx_hal_pwr.o
HAL_PWR_EnterSTOPMode                             build/stm32g4xx_hal_pwr.o
HAL_PWR_PVDCallback                               build/stm32g4xx_hal_pwr.o
                                                  build/stm32g4xx_hal_pwr_ex.o
HAL_RCCEx_CRSConfig                               build/stm32g4xx_hal_rcc_ex.o
HAL_RCCEx_CRSGetSynchronizationInfo               build/stm32g4xx_hal_rcc_ex.o
HAL_RCCEx_CRSSoftwareSynchronizationGenerate      build/stm32g4xx_hal_rcc_ex.o
HAL_RCCEx_CRSWaitSynchronization                  build/stm32g4xx_hal_rcc_ex.o
HAL_RCCEx_CRS_ErrorCallback                       build/stm32g4xx_hal_rcc_ex.o
HAL_RCCEx_CRS_ExpectedSyncCallback                build/stm32g4xx_hal_rcc_ex.o
HAL_RCCEx_CRS_IRQHandler                          build/stm32g4xx_hal_rcc_ex.o
HAL_RCCEx_CRS_SyncOkCallback                      build/stm32g4xx_hal_rcc_ex.o
HAL_RCCEx_CRS_SyncWarnCallback                    build/stm32g4xx_hal_rcc_ex.o
HAL_RCCEx_DisableLSCO                             build/stm32g4xx_hal_rcc_ex.o
HAL_RCCEx_DisableLSECSS                           build/stm32g4xx_hal_rcc_ex.o
HAL_RCCEx_EnableLSCO                              build/stm32g4xx_hal_rcc_ex.o
HAL_RCCEx_EnableLSECSS                            build/stm32g4xx_hal_rcc_ex.o
HAL_RCCEx_EnableLSECSS_IT                         build/stm32g4xx_hal_rcc_ex.o
HAL_RCCEx_GetPeriphCLKConfig                      build/stm32g4xx_hal_rcc_ex.o
HAL_RCCEx_GetPeriphCLKFreq                        build/stm32g4xx_hal_rcc_ex.o
HAL_RCCEx_LSECSS_Callback                         build/stm32g4xx_hal_rcc_ex.o
HAL_RCCEx_LSECSS_IRQHandler                       build/stm32g4xx_hal_rcc_ex.o
HAL_RCCEx_PeriphCLKConfig                         build/stm32g4xx_hal_rcc_ex.o
HAL_RCC_CSSCallback                               build/stm32g4xx_hal_rcc.o
HAL_RCC_ClockConfig                               build/stm32g4xx_hal_rcc.o
                                                  build/main.o
HAL_RCC_DeInit                                    build/stm32g4xx_hal_rcc.o
HAL_RCC_DisableLSECSS                             build/stm32g4xx_hal_rcc.o
HAL_RCC_EnableCSS                                 build/stm32g4xx_hal_rcc.o
HAL_RCC_EnableLSECSS                              build/stm32g4xx_hal_rcc.o
HAL_RCC_GetClockConfig                            build/stm32g4xx_hal_rcc.o
HAL_RCC_GetHCLKFreq                               build/stm32g4xx_hal_rcc.o
HAL_RCC_GetOscConfig                              build/stm32g4xx_hal_rcc.o
HAL_RCC_GetPCLK1Freq                              build/stm32g4xx_hal_rcc.o
                                                  build/stm32g4xx_hal_uart.o
                                                  build/stm32g4xx_hal_rcc_ex.o
HAL_RCC_GetPCLK2Freq                              build/stm32g4xx_hal_rcc.o
                                                  build/stm32g4xx_hal_uart.o
                                                  build/stm32g4xx_hal_rcc_ex.o
HAL_RCC_GetSysClockFreq                           build/stm32g4xx_hal_rcc.o
                                                  build/stm32g4xx_hal_uart.o
                                                  build/stm32g4xx_hal_rcc_ex.o
HAL_RCC_MCOConfig                                 build/stm32g4xx_hal_rcc.o
HAL_RCC_NMI_IRQHandler                            build/stm32g4xx_hal_rcc.o
HAL_RCC_OscConfig                                 build/stm32g4xx_hal_rcc.o
                                                  build/main.o
HAL_RS485Ex_Init                                  build/stm32g4xx_hal_uart_ex.o
HAL_ResumeTick                                    build/stm32g4xx_hal.o
HAL_SYSCFG_CCMSRAMErase                           build/stm32g4xx_hal.o
HAL_SYSCFG_CCMSRAM_WriteProtectionEnable          build/stm32g4xx_hal.o
HAL_SYSCFG_DisableIOSwitchBooster                 build/stm32g4xx_hal.o
HAL_SYSCFG_DisableIOSwitchVDD                     build/stm32g4xx_hal.o
HAL_SYSCFG_DisableMemorySwappingBank              build/stm32g4xx_hal.o
HAL_SYSCFG_DisableVREFBUF                         build/stm32g4xx_hal.o
HAL_SYSCFG_EnableIOSwitchBooster                  build/stm32g4xx_hal.o
HAL_SYSCFG_EnableIOSwitchVDD                      build/stm32g4xx_hal.o
HAL_SYSCFG_EnableMemorySwappingBank               build/stm32g4xx_hal.o
HAL_SYSCFG_EnableVREFBUF                          build/stm32g4xx_hal.o
HAL_SYSCFG_VREFBUF_HighImpedanceConfig            build/stm32g4xx_hal.o
HAL_SYSCFG_VREFBUF_TrimmingConfig                 build/stm32g4xx_hal.o
HAL_SYSCFG_VREFBUF_VoltageScalingConfig           build/stm32g4xx_hal.o
HAL_SYSTICK_CLKSourceConfig                       build/stm32g4xx_hal_cortex.o
HAL_SYSTICK_Callback                              build/stm32g4xx_hal_cortex.o
HAL_SYSTICK_Config                                build/stm32g4xx_hal_cortex.o
                                                  build/stm32g4xx_hal.o
HAL_SYSTICK_IRQHandler                            build/stm32g4xx_hal_cortex.o
HAL_SetTickFreq                                   build/stm32g4xx_hal.o
HAL_SuspendTick                                   build/stm32g4xx_hal.o
HAL_TIMEx_Break2Callback                          build/stm32g4xx_hal_tim_ex.o
                                                  build/stm32g4xx_hal_tim.o
HAL_TIMEx_BreakCallback                           build/stm32g4xx_hal_tim_ex.o
                                                  build/stm32g4xx_hal_tim.o
HAL_TIMEx_CommutCallback                          build/stm32g4xx_hal_tim_ex.o
                                                  build/stm32g4xx_hal_tim.o
HAL_TIMEx_CommutHalfCpltCallback                  build/stm32g4xx_hal_tim_ex.o
HAL_TIMEx_ConfigAsymmetricalDeadTime              build/stm32g4xx_hal_tim_ex.o
HAL_TIMEx_ConfigBreakDeadTime                     build/stm32g4xx_hal_tim_ex.o
                                                  build/tim.o
HAL_TIMEx_ConfigBreakInput                        build/stm32g4xx_hal_tim_ex.o
HAL_TIMEx_ConfigCommutEvent                       build/stm32g4xx_hal_tim_ex.o
HAL_TIMEx_ConfigCommutEvent_DMA                   build/stm32g4xx_hal_tim_ex.o
HAL_TIMEx_ConfigCommutEvent_IT                    build/stm32g4xx_hal_tim_ex.o
HAL_TIMEx_ConfigDeadTime                          build/stm32g4xx_hal_tim_ex.o
HAL_TIMEx_ConfigEncoderIndex                      build/stm32g4xx_hal_tim_ex.o
HAL_TIMEx_ConfigSlaveModePreload                  build/stm32g4xx_hal_tim_ex.o
HAL_TIMEx_DirectionChangeCallback                 build/stm32g4xx_hal_tim_ex.o
                                                  build/stm32g4xx_hal_tim.o
HAL_TIMEx_DisableAsymmetricalDeadTime             build/stm32g4xx_hal_tim_ex.o
HAL_TIMEx_DisableDeadTimePreload                  build/stm32g4xx_hal_tim_ex.o
HAL_TIMEx_DisableEncoderFirstIndex                build/stm32g4xx_hal_tim_ex.o
HAL_TIMEx_DisableEncoderIndex                     build/stm32g4xx_hal_tim_ex.o
HAL_TIMEx_DisableSlaveModePreload                 build/stm32g4xx_hal_tim_ex.o
HAL_TIMEx_DisarmBreakInput                        build/stm32g4xx_hal_tim_ex.o
HAL_TIMEx_DitheringDisable                        build/stm32g4xx_hal_tim_ex.o
HAL_TIMEx_DitheringEnable                         build/stm32g4xx_hal_tim_ex.o
HAL_TIMEx_EnableAsymmetricalDeadTime              build/stm32g4xx_hal_tim_ex.o
HAL_TIMEx_EnableDeadTimePreload                   build/stm32g4xx_hal_tim_ex.o
HAL_TIMEx_EnableEncoderFirstIndex                 build/stm32g4xx_hal_tim_ex.o
HAL_TIMEx_EnableEncoderIndex                      build/stm32g4xx_hal_tim_ex.o
HAL_TIMEx_EnableSlaveModePreload                  build/stm32g4xx_hal_tim_ex.o
HAL_TIMEx_EncoderIndexCallback                    build/stm32g4xx_hal_tim_ex.o
                                                  build/stm32g4xx_hal_tim.o
HAL_TIMEx_GetChannelNState                        build/stm32g4xx_hal_tim_ex.o
HAL_TIMEx_GroupChannel5                           build/stm32g4xx_hal_tim_ex.o
HAL_TIMEx_HallSensor_DeInit                       build/stm32g4xx_hal_tim_ex.o
HAL_TIMEx_HallSensor_GetState                     build/stm32g4xx_hal_tim_ex.o
HAL_TIMEx_HallSensor_Init                         build/stm32g4xx_hal_tim_ex.o
                                                  build/tim.o
HAL_TIMEx_HallSensor_MspDeInit                    build/tim.o
HAL_TIMEx_HallSensor_MspInit                      build/tim.o
HAL_TIMEx_HallSensor_Start                        build/stm32g4xx_hal_tim_ex.o
                                                  build/phaseEstimater.o
HAL_TIMEx_HallSensor_Start_DMA                    build/stm32g4xx_hal_tim_ex.o
HAL_TIMEx_HallSensor_Start_IT                     build/stm32g4xx_hal_tim_ex.o
HAL_TIMEx_HallSensor_Stop                         build/stm32g4xx_hal_tim_ex.o
HAL_TIMEx_HallSensor_Stop_DMA                     build/stm32g4xx_hal_tim_ex.o
HAL_TIMEx_HallSensor_Stop_IT                      build/stm32g4xx_hal_tim_ex.o
HAL_TIMEx_IndexErrorCallback                      build/stm32g4xx_hal_tim_ex.o
                                                  build/stm32g4xx_hal_tim.o
HAL_TIMEx_MasterConfigSynchronization             build/stm32g4xx_hal_tim_ex.o
                                                  build/tim.o
HAL_TIMEx_OCN_Start                               build/stm32g4xx_hal_tim_ex.o
HAL_TIMEx_OCN_Start_DMA                           build/stm32g4xx_hal_tim_ex.o
HAL_TIMEx_OCN_Start_IT                            build/stm32g4xx_hal_tim_ex.o
HAL_TIMEx_OCN_Stop                                build/stm32g4xx_hal_tim_ex.o
HAL_TIMEx_OCN_Stop_DMA                            build/stm32g4xx_hal_tim_ex.o
HAL_TIMEx_OCN_Stop_IT                             build/stm32g4xx_hal_tim_ex.o
HAL_TIMEx_OC_ConfigPulseOnCompare                 build/stm32g4xx_hal_tim_ex.o
HAL_TIMEx_OnePulseN_Start                         build/stm32g4xx_hal_tim_ex.o
HAL_TIMEx_OnePulseN_Start_IT                      build/stm32g4xx_hal_tim_ex.o
HAL_TIMEx_OnePulseN_Stop                          build/stm32g4xx_hal_tim_ex.o
HAL_TIMEx_OnePulseN_Stop_IT                       build/stm32g4xx_hal_tim_ex.o
HAL_TIMEx_PWMN_Start                              build/stm32g4xx_hal_tim_ex.o
                                                  build/SVM.o
HAL_TIMEx_PWMN_Start_DMA                          build/stm32g4xx_hal_tim_ex.o
HAL_TIMEx_PWMN_Start_IT                           build/stm32g4xx_hal_tim_ex.o
HAL_TIMEx_PWMN_Stop                               build/stm32g4xx_hal_tim_ex.o
HAL_TIMEx_PWMN_Stop_DMA                           build/stm32g4xx_hal_tim_ex.o
HAL_TIMEx_PWMN_Stop_IT                            build/stm32g4xx_hal_tim_ex.o
HAL_TIMEx_ReArmBreakInput                         build/stm32g4xx_hal_tim_ex.o
HAL_TIMEx_RemapConfig                             build/stm32g4xx_hal_tim_ex.o
HAL_TIMEx_TISelection                             build/stm32g4xx_hal_tim_ex.o
HAL_TIMEx_TransitionErrorCallback                 build/stm32g4xx_hal_tim_ex.o
                                                  build/stm32g4xx_hal_tim.o
HAL_TIM_Base_DeInit                               build/stm32g4xx_hal_tim.o
HAL_TIM_Base_GetState                             build/stm32g4xx_hal_tim.o
HAL_TIM_Base_Init                                 build/stm32g4xx_hal_tim.o
                                                  build/tim.o
HAL_TIM_Base_MspDeInit                            build/tim.o
HAL_TIM_Base_MspInit                              build/tim.o
HAL_TIM_Base_Start                                build/stm32g4xx_hal_tim.o
HAL_TIM_Base_Start_DMA                            build/stm32g4xx_hal_tim.o
HAL_TIM_Base_Start_IT                             build/stm32g4xx_hal_tim.o
HAL_TIM_Base_Stop                                 build/stm32g4xx_hal_tim.o
HAL_TIM_Base_Stop_DMA                             build/stm32g4xx_hal_tim.o
HAL_TIM_Base_Stop_IT                              build/stm32g4xx_hal_tim.o
HAL_TIM_ConfigClockSource                         build/stm32g4xx_hal_tim.o
                                                  build/tim.o
HAL_TIM_ConfigOCrefClear                          build/stm32g4xx_hal_tim.o
HAL_TIM_ConfigTI1Input                            build/stm32g4xx_hal_tim.o
HAL_TIM_DMABurstState                             build/stm32g4xx_hal_tim.o
HAL_TIM_DMABurst_MultiReadStart                   build/stm32g4xx_hal_tim.o
HAL_TIM_DMABurst_MultiWriteStart                  build/stm32g4xx_hal_tim.o
HAL_TIM_DMABurst_ReadStart                        build/stm32g4xx_hal_tim.o
HAL_TIM_DMABurst_ReadStop                         build/stm32g4xx_hal_tim.o
HAL_TIM_DMABurst_WriteStart                       build/stm32g4xx_hal_tim.o
HAL_TIM_DMABurst_WriteStop                        build/stm32g4xx_hal_tim.o
HAL_TIM_Encoder_DeInit                            build/stm32g4xx_hal_tim.o
HAL_TIM_Encoder_GetState                          build/stm32g4xx_hal_tim.o
HAL_TIM_Encoder_Init                              build/stm32g4xx_hal_tim.o
                                                  build/tim.o